travis_fold:start:worker_info[0K[33;1mWorker information[0m
hostname: ab86d199-2ab2-4e17-926b-ef8942127a83@1.worker-com-oss-6955bf87c5-j2bsn.gce-production-3
version: 6.2.22 https://github.com/travis-ci/worker/tree/858cb91994a513269f2fe9782c15fc113e966231
instance: travis-job-b62eb56e-92e2-427c-a5bc-f9725437b0f9 travis-ci-ubuntu-1804-1609168422-6c7eba12 (via amqp)
startup: 6.167787969s
travis_fold:end:worker_info[0Ktravis_time:start:00f2f628[0Ktravis_time:end:00f2f628:start=1618607201656868332,finish=1618607201860750168,duration=203881836,event=no_world_writable_dirs[0Ktravis_time:start:127548fc[0Ktravis_time:end:127548fc:start=1618607201864093349,finish=1618607201867841358,duration=3748009,event=setup_filter[0Ktravis_time:start:2820a930[0Ktravis_time:end:2820a930:start=1618607201875836530,finish=1618607201885402717,duration=9566187,event=agent[0Ktravis_time:start:0d1e08ac[0Ktravis_time:end:0d1e08ac:start=1618607201887956997,finish=1618607201889799850,duration=1842853,event=check_unsupported[0Ktravis_time:start:005d4f80[0Ktravis_fold:start:system_info[0K[33;1mBuild system information[0m
Build language: python
Build group: stable
Build dist: bionic
Build id: 223346233
Job id: 499196699
Runtime kernel version: 5.4.0-1032-gcp
travis-build version: 091d532a
[34m[1mBuild image provisioning date and time[0m
Mon Dec 28 15:53:02 UTC 2020
[34m[1mOperating System Details[0m
Distributor ID:	Ubuntu
Description:	Ubuntu 18.04.5 LTS
Release:	18.04
Codename:	bionic
[34m[1mSystemd Version[0m
systemd 237
[34m[1mCookbooks Version[0m
10a7b34 https://github.com/travis-ci/travis-cookbooks/tree/10a7b34
[34m[1mgit version[0m
git version 2.29.2
[34m[1mbash version[0m
GNU bash, version 4.4.20(1)-release (x86_64-pc-linux-gnu)
[34m[1mgcc version[0m
gcc (Ubuntu 7.5.0-3ubuntu1~18.04) 7.5.0
[34m[1mdocker version[0m
Client:
 Version:           18.06.0-ce
 API version:       1.38
 Go version:        go1.10.3
 Git commit:        0ffa825
 Built:             Wed Jul 18 19:09:54 2018
 OS/Arch:           linux/amd64
 Experimental:      false

Server:
 Engine:
  Version:          18.06.0-ce
  API version:      1.38 (minimum version 1.12)
  Go version:       go1.10.3
  Git commit:       0ffa825
  Built:            Wed Jul 18 19:07:56 2018
  OS/Arch:          linux/amd64
  Experimental:     false
[34m[1mclang version[0m
clang version 7.0.0 (tags/RELEASE_700/final)
[34m[1mjq version[0m
jq-1.5
[34m[1mbats version[0m
Bats 0.4.0
[34m[1mshellcheck version[0m
0.7.0
[34m[1mshfmt version[0m
v3.2.1
[34m[1mccache version[0m
3.4.1
[34m[1mcmake version[0m
cmake version 3.12.4
[34m[1mheroku version[0m
heroku/7.47.6 linux-x64 node-v12.16.2
[34m[1mimagemagick version[0m
Version: ImageMagick 6.9.7-4 Q16 x86_64 20170114 http://www.imagemagick.org
[34m[1mmd5deep version[0m
4.4
[34m[1mmercurial version[0m
version 4.8
[34m[1mmysql version[0m
mysql  Ver 14.14 Distrib 5.7.32, for Linux (x86_64) using  EditLine wrapper
[34m[1mopenssl version[0m
OpenSSL 1.1.1  11 Sep 2018
[34m[1mpacker version[0m
1.3.3
[34m[1mpostgresql client version[0m
psql (PostgreSQL) 11.10 (Ubuntu 11.10-1.pgdg18.04+1)
[34m[1mragel version[0m
Ragel State Machine Compiler version 6.10 March 2017
[34m[1msudo version[0m
1.8.21p2
[34m[1mgzip version[0m
gzip 1.6
[34m[1mzip version[0m
Zip 3.0
[34m[1mvim version[0m
VIM - Vi IMproved 8.0 (2016 Sep 12, compiled Oct 13 2020 15:49:09)
[34m[1miptables version[0m
iptables v1.6.1
[34m[1mcurl version[0m
curl 7.58.0 (x86_64-pc-linux-gnu) libcurl/7.58.0 OpenSSL/1.1.1 zlib/1.2.11 libidn2/2.0.4 libpsl/0.19.1 (+libidn2/2.0.4) nghttp2/1.30.0 librtmp/2.3
[34m[1mwget version[0m
GNU Wget 1.19.4 built on linux-gnu.
[34m[1mrsync version[0m
rsync  version 3.1.2  protocol version 31
[34m[1mgimme version[0m
v1.5.4
[34m[1mnvm version[0m
0.37.2
[34m[1mperlbrew version[0m
/home/travis/perl5/perlbrew/bin/perlbrew  - App::perlbrew/0.88
[34m[1mphpenv version[0m
rbenv 1.1.2-40-g62d7798
[34m[1mrvm version[0m
rvm 1.29.10 (latest) by Michal Papis, Piotr Kuczynski, Wayne E. Seguin [https://rvm.io]
[34m[1mdefault ruby version[0m
ruby 2.6.5p114 (2019-10-01 revision 67812) [x86_64-linux]
[34m[1mElasticSearch version[0m
5.5.0
[34m[1mInstalled Firefox version[0m
firefox 63.0.1
[34m[1mMongoDB version[0m
MongoDB 4.0.22
[34m[1mPhantomJS version[0m
2.1.1
[34m[1mPre-installed PostgreSQL versions[0m
9.3.25
9.4.26
9.5.24
9.6.20
[34m[1mRedis version[0m
redis-server 6.0.6
[34m[1mPre-installed Go versions[0m
1.11.1
[34m[1mant version[0m
Apache Ant(TM) version 1.10.5 compiled on March 28 2019
[34m[1mmvn version[0m
Apache Maven 3.6.3 (cecedd343002696d0abb50b32b541b8a6ba2883f)
[34m[1mgradle version[0m
Gradle 5.1.1!
[34m[1mlein version[0m
Leiningen 2.9.5 on Java 11.0.2 OpenJDK 64-Bit Server VM
[34m[1mPre-installed Node.js versions[0m
v10.16.0
v10.23.0
v11.15.0
v12.13.1
v12.20.0
v13.3.0
v14.15.3
v4.9.1
v6.17.1
v8.16.2
v8.17.0
v8.9
[34m[1mphpenv versions[0m
  system
  7.1
  7.1.33
  7.2
* 7.2.27 (set by /home/travis/.phpenv/version)
  7.3
  7.3.14
  7.4
  7.4.2
  hhvm
  hhvm-stable
[34m[1mcomposer --version[0m
Composer version 1.9.2 2020-01-14 16:30:31
[34m[1mPre-installed Ruby versions[0m
ruby-2.4.9
ruby-2.5.3
ruby-2.5.7
ruby-2.6.5
ruby-2.7.0
travis_fold:end:system_info[0K
travis_time:end:005d4f80:start=1618607201892511433,finish=1618607201907215116,duration=14703683,event=show_system_info[0Ktravis_time:start:0130877a[0Ktravis_time:end:0130877a:start=1618607201910606717,finish=1618607201930831436,duration=20224719,event=rm_riak_source[0Ktravis_time:start:32479bbc[0Ktravis_time:end:32479bbc:start=1618607201934221719,finish=1618607201942586355,duration=8364636,event=fix_rwky_redis[0Ktravis_time:start:154f1a06[0Ktravis_time:end:154f1a06:start=1618607201945896853,finish=1618607202495598852,duration=549701999,event=wait_for_network[0Ktravis_time:start:0109fc08[0Ktravis_time:end:0109fc08:start=1618607202499601391,finish=1618607202753663199,duration=254061808,event=update_apt_keys[0Ktravis_time:start:01bbdc52[0Ktravis_time:end:01bbdc52:start=1618607202757953954,finish=1618607202814954497,duration=57000543,event=fix_hhvm_source[0Ktravis_time:start:0328d9a0[0Ktravis_time:end:0328d9a0:start=1618607202821796509,finish=1618607202824701986,duration=2905477,event=update_mongo_arch[0Ktravis_time:start:17bf7c2b[0Ktravis_time:end:17bf7c2b:start=1618607202828930831,finish=1618607202871501188,duration=42570357,event=fix_sudo_enabled_trusty[0Ktravis_time:start:00e0f9b6[0Ktravis_time:end:00e0f9b6:start=1618607202875388816,finish=1618607202878122198,duration=2733382,event=update_glibc[0Ktravis_time:start:01c83b40[0Ktravis_time:end:01c83b40:start=1618607202882034442,finish=1618607202889999487,duration=7965045,event=clean_up_path[0Ktravis_time:start:0eb7fc32[0Ktravis_time:end:0eb7fc32:start=1618607202894211823,finish=1618607202902904992,duration=8693169,event=fix_resolv_conf[0Ktravis_time:start:224bf1ce[0Ktravis_time:end:224bf1ce:start=1618607202906480055,finish=1618607202934939633,duration=28459578,event=fix_etc_hosts[0Ktravis_time:start:13eddc64[0Ktravis_time:end:13eddc64:start=1618607202940001461,finish=1618607202952154916,duration=12153455,event=fix_mvn_settings_xml[0Ktravis_time:start:0afedf82[0Ktravis_time:end:0afedf82:start=1618607202956597913,finish=1618607202967365280,duration=10767367,event=no_ipv6_localhost[0Ktravis_time:start:0d9dcfc0[0Ktravis_time:end:0d9dcfc0:start=1618607202971534485,finish=1618607202973670796,duration=2136311,event=fix_etc_mavenrc[0Ktravis_time:start:0bbe686c[0Ktravis_time:end:0bbe686c:start=1618607202977637752,finish=1618607202981288364,duration=3650612,event=fix_wwdr_certificate[0Ktravis_time:start:1ca2d318[0Ktravis_time:end:1ca2d318:start=1618607202986090101,finish=1618607203044980617,duration=58890516,event=put_localhost_first[0Ktravis_time:start:2366bdcc[0Ktravis_time:end:2366bdcc:start=1618607203049025436,finish=1618607203052264799,duration=3239363,event=home_paths[0Ktravis_time:start:03d91655[0Ktravis_time:end:03d91655:start=1618607203056162035,finish=1618607203069327286,duration=13165251,event=disable_initramfs[0Ktravis_time:start:0cf67bb8[0Ktravis_time:end:0cf67bb8:start=1618607203073371207,finish=1618607203227859710,duration=154488503,event=disable_ssh_roaming[0Ktravis_time:start:05a51400[0Ktravis_time:end:05a51400:start=1618607203232055825,finish=1618607203234903642,duration=2847817,event=debug_tools[0Ktravis_time:start:0bbbf124[0Ktravis_time:end:0bbbf124:start=1618607203239287454,finish=1618607203242997832,duration=3710378,event=uninstall_oclint[0Ktravis_time:start:027cc3dc[0Ktravis_time:end:027cc3dc:start=1618607203246990779,finish=1618607203250391252,duration=3400473,event=rvm_use[0Ktravis_time:start:1353f05c[0Ktravis_time:end:1353f05c:start=1618607203254743901,finish=1618607203263740762,duration=8996861,event=rm_etc_boto_cfg[0Ktravis_time:start:0a4562a2[0Ktravis_time:end:0a4562a2:start=1618607203268239774,finish=1618607203271101065,duration=2861291,event=rm_oraclejdk8_symlink[0Ktravis_time:start:0e4b08b6[0Ktravis_time:end:0e4b08b6:start=1618607203275593423,finish=1618607203368417329,duration=92823906,event=enable_i386[0Ktravis_time:start:006a6940[0Ktravis_time:end:006a6940:start=1618607203373111967,finish=1618607203377441959,duration=4329992,event=update_rubygems[0Ktravis_time:start:05e188e4[0Ktravis_time:end:05e188e4:start=1618607203383952271,finish=1618607204407739970,duration=1023787699,event=ensure_path_components[0Ktravis_time:start:0d5c5aaf[0Ktravis_time:end:0d5c5aaf:start=1618607204412083969,finish=1618607204414450072,duration=2366103,event=redefine_curl[0Ktravis_time:start:23f017a2[0Ktravis_time:end:23f017a2:start=1618607204418338007,finish=1618607204516422026,duration=98084019,event=nonblock_pipe[0Ktravis_time:start:0a5789ae[0Ktravis_time:end:0a5789ae:start=1618607204520354889,finish=1618607210558473782,duration=6038118893,event=apt_get_update[0Ktravis_time:start:25956783[0Ktravis_time:end:25956783:start=1618607210562943155,finish=1618607210565561284,duration=2618129,event=deprecate_xcode_64[0Ktravis_time:start:1705f865[0Ktravis_time:end:1705f865:start=1618607210570442429,finish=1618607213447870402,duration=2877427973,event=update_heroku[0Ktravis_time:start:0c158040[0Ktravis_time:end:0c158040:start=1618607213452725194,finish=1618607213455066868,duration=2341674,event=shell_session_update[0Ktravis_time:start:2a4dbebd[0Ktravis_fold:start:docker_mtu_and_registry_mirrors[0Ktravis_fold:end:docker_mtu_and_registry_mirrors[0Ktravis_time:end:2a4dbebd:start=1618607213458760562,finish=1618607215922144500,duration=2463383938,event=set_docker_mtu_and_registry_mirrors[0Ktravis_time:start:05232990[0Ktravis_fold:start:resolvconf[0Ktravis_fold:end:resolvconf[0Ktravis_time:end:05232990:start=1618607215927365121,finish=1618607215999289015,duration=71923894,event=resolvconf[0Ktravis_time:start:0ba1b44d[0Ktravis_time:end:0ba1b44d:start=1618607216006364625,finish=1618607216167754613,duration=161389988,event=maven_central_mirror[0Ktravis_time:start:16638de0[0Ktravis_time:end:16638de0:start=1618607216171605789,finish=1618607216271721394,duration=100115605,event=maven_https[0Ktravis_time:start:19c0ab51[0Ktravis_fold:start:services[0Ktravis_time:start:0788b5a6[0K$ sudo systemctl start docker
travis_time:end:0788b5a6:start=1618607216285311725,finish=1618607216298124869,duration=12813144,event=prepare[0Ktravis_fold:end:services[0Ktravis_time:end:0788b5a6:start=1618607216285311725,finish=1618607219304533548,duration=3019221823,event=services[0Ktravis_time:start:04ae61a0[0Ktravis_time:end:04ae61a0:start=1618607219309483962,finish=1618607219312094322,duration=2610360,event=fix_ps4[0Ktravis_time:start:005fdc22[0K
travis_fold:start:git.checkout[0Ktravis_time:start:05c7e278[0K$ git clone --depth=50 --branch=develop https://github.com/precice/systemtests.git precice/systemtests
Cloning into 'precice/systemtests'...
Updating files:  92% (3824/4150)Updating files:  93% (3860/4150)Updating files:  94% (3901/4150)Updating files:  95% (3943/4150)Updating files:  96% (3984/4150)Updating files:  97% (4026/4150)Updating files:  98% (4067/4150)Updating files:  99% (4109/4150)Updating files: 100% (4150/4150)Updating files: 100% (4150/4150), done.
travis_time:end:05c7e278:start=1618607219321474682,finish=1618607230630674884,duration=11309200202,event=checkout[0K$ cd precice/systemtests
$ git checkout -qf 8edbc93843fbcd7f84e55517b5c6ec68e50e907e
travis_fold:end:git.checkout[0K
travis_time:end:05c7e278:start=1618607219321474682,finish=1618607231818572768,duration=12497098086,event=checkout[0Ktravis_time:start:148ce1b0[0K
[33;1mSetting environment variables from repository settings[0m
$ export DOCKER_PASSWORD=[secure]
$ export PRECICE_BOT_EMAIL=[secure]
$ export GH_TOKEN=[secure]
$ export DOCKER_USERNAME=precice
$ export TRAVIS_ACCESS_TOKEN=[secure]

travis_time:end:148ce1b0:start=1618607231823405760,finish=1618607231831936928,duration=8531168,event=env[0Ktravis_time:start:09018020[0K$ source ~/virtualenv/python3.8/bin/activate
travis_time:end:09018020:start=1618607231836609465,finish=1618607231843646047,duration=7036582,event=[0K$ python --version
Python 3.8.1
$ pip --version
pip 20.3.3 from /home/travis/virtualenv/python3.8.1/lib/python3.8/site-packages/pip (python 3.8)
travis_fold:start:install[0Ktravis_time:start:0352d44d[0K$ pip install Jinja2
Collecting Jinja2
  Downloading Jinja2-2.11.3-py2.py3-none-any.whl (125 kB)
Collecting MarkupSafe>=0.23
  Downloading MarkupSafe-1.1.1-cp38-cp38-manylinux2010_x86_64.whl (32 kB)
Installing collected packages: MarkupSafe, Jinja2
Successfully installed Jinja2-2.11.3 MarkupSafe-1.1.1
travis_time:end:0352d44d:start=1618607232327139050,finish=1618607233570339213,duration=1243200163,event=install[0Ktravis_fold:end:install[0Ktravis_time:start:14311302[0K$ export OPENFOAM_TAG=develop.pr165; 
travis_time:end:14311302:start=1618607233576770875,finish=1618607233580933283,duration=4162408,event=script[0K[32;1mThe command "export OPENFOAM_TAG=develop.pr165; " exited with 0.[0m
travis_time:start:0f531ca4[0K$ python system_testing.py -s of-of --base Ubuntu1804.package -v
Total reclaimed space: 0B
networks:
  precicecomm: {}
services:
  openfoam-adapter-fluid:
    command: "/bin/bash -c \"source /usr/lib/openfoam/openfoam2006/etc/bashrc && cd\
      \ /home/precice/openfoam-adapter/tutorials/CHT/flow-over-plate/buoyantPimpleFoam-laplacianFoam\
      \ && sed -i 's|<m2n:sockets from=\\\"Fluid\\\" to=\\\"Solid\\\"/>|<m2n:sockets\
      \ from=\\\"Fluid\\\" to=\\\"Solid\\\" exchange-directory=\\\"/home/precice/Data/Exchange/\\\
      \" network=\\\"eth0\\\"/>|g;\n        s|\\(\\s\\+\\)\\(</participant>\\)|\\\
      1   <export:vtk directory=\\\"precice-output\\\" />\\n\\1\\2|g' precice-config.xml\
      \ &&\n./runFluid && mkdir /home/precice/Data/Output/Fluid && cp -r precice-output\
      \ *.log /home/precice/Data/Output/Fluid\"\n"
    container_name: openfoam-adapter-fluid
    image: precice/openfoam-adapter-ubuntu1804.package-develop:develop.pr165
    networks:
      precicecomm: null
    volumes:
    - exchange:/home/precice/Data/Exchange:rw
    - output:/home/precice/Data/Output:rw
  openfoam-adapter-solid:
    command: "/bin/bash -c \"source /usr/lib/openfoam/openfoam2006/etc/bashrc && cd\
      \ /home/precice/openfoam-adapter/tutorials/CHT/flow-over-plate/buoyantPimpleFoam-laplacianFoam\
      \ && sed -i 's|<m2n:sockets from=\\\"Fluid\\\" to=\\\"Solid\\\"/>|<m2n:sockets\
      \ from=\\\"Fluid\\\" to=\\\"Solid\\\" exchange-directory=\\\"/home/precice/Data/Exchange/\\\
      \" network=\\\"eth0\\\"/>|g;\n        s|\\(\\s\\+\\)\\(</participant>\\)|\\\
      1   <export:vtk directory=\\\"precice-output\\\" />\\n\\1\\2|g' precice-config.xml\
      \ &&\n./runSolid && mkdir /home/precice/Data/Output/Solid && cp -r precice-output\
      \ *.log /home/precice/Data/Output/Solid\"\n"
    container_name: openfoam-adapter-solid
    image: precice/openfoam-adapter-ubuntu1804.package-develop:develop.pr165
    networks:
      precicecomm: null
    volumes:
    - exchange:/home/precice/Data/Exchange:rw
    - output:/home/precice/Data/Output:rw
  tutorial-data:
    container_name: tutorial-data
    image: alpine
    volumes:
    - output:/Output:rw
version: '3.0'
volumes:
  exchange: {}
  output: {}

Creating network "testcompose_of-of_precicecomm" with the default driver
Creating network "testcompose_of-of_default" with the default driver
Creating volume "testcompose_of-of_exchange" with default driver
Creating volume "testcompose_of-of_output" with default driver
Pulling openfoam-adapter-fluid (precice/openfoam-adapter-ubuntu1804.package-develop:develop.pr165)...
develop.pr165: Pulling from precice/openfoam-adapter-ubuntu1804.package-develop
Pulling tutorial-data (alpine:)...
latest: Pulling from library/alpine
Creating tutorial-data ... 
Creating openfoam-adapter-fluid ... 
Creating openfoam-adapter-solid ... 
Pulling tutorial-data (alpine:)...
latest: Pulling from library/alpine
[3A[2KCreating tutorial-data          ... [32mdone[0m[3B[1A[2KCreating openfoam-adapter-solid ... [32mdone[0m[1B[2A[2KCreating openfoam-adapter-fluid ... [32mdone[0m[2BAttaching to tutorial-data, openfoam-adapter-solid, openfoam-adapter-fluid
[33mopenfoam-adapter-solid    |[0m /bin/bash: line 0: cd: /home/precice/openfoam-adapter/tutorials/CHT/flow-over-plate/buoyantPimpleFoam-laplacianFoam: No such file or directory
[33mopenfoam-adapter-solid exited with code 1
[0m[36mtutorial-data exited with code 0
[0m[32mopenfoam-adapter-fluid    |[0m /bin/bash: line 0: cd: /home/precice/openfoam-adapter/tutorials/CHT/flow-over-plate/buoyantPimpleFoam-laplacianFoam: No such file or directory
[32mopenfoam-adapter-fluid exited with code 1
[0m------------- Comparing files -------------
> Only in /home/travis/build/precice/systemtests/tests/TestCompose_of-of/referenceOutput: Fluid
Only in /home/travis/build/precice/systemtests/tests/TestCompose_of-of/referenceOutput: Solid
----------- Comparison finished -----------
EXECUTING: docker container prune -f; export PRECICE_BASE=-ubuntu1804.package-develop; mkdir Logs; docker-compose config && bash ../../silent_compose.sh debug
EXECUTING: docker cp tutorial-data:/Output .
EXECUTING: docker-compose logs > Logs/container.log
EXECUTING: bash ../../compare_results.sh /home/travis/build/precice/systemtests/tests/TestCompose_of-of/referenceOutput /home/travis/build/precice/systemtests/tests/TestCompose_of-of/Output
TEST FAILED WITH: Output files do not match reference
Files differing               : []
Files only in reference (left): ['Fluid', 'Solid']
Files only in output(right)   : []
Traceback (most recent call last):
  File "system_testing.py", line 133, in run_compose
    comparison(path_to_ref, path_to_otp)
  File "system_testing.py", line 210, in comparison
    raise IncorrectOutput(*ret)
__main__.IncorrectOutput: Output files do not match reference
Files differing               : []
Files only in reference (left): ['Fluid', 'Solid']
Files only in output(right)   : []

During handling of the above exception, another exception occurred:

Traceback (most recent call last):
  File "system_testing.py", line 305, in <module>
    build_run_compare(test, tag, args.branch.lower(), args.local,
  File "system_testing.py", line 227, in build_run_compare
    run_compose(test, branch, local_precice, tag, force_rebuild, rm_all, verbose)
  File "system_testing.py", line 145, in run_compose
    raise STValidateException()
__main__.STValidateException: COMPARISON FAILED - An error occured while comparing test results with reference files!
travis_time:end:0f531ca4:start=1618607233587415611,finish=1618607362254264848,duration=128666849237,event=script[0K[31;1mThe command "python system_testing.py -s of-of --base Ubuntu1804.package -v" exited with 1.[0m
travis_time:start:39da1a68[0K$ python push.py
Cloning into 'precice_st_output'...
Updating files:  12% (5531/44089)Updating files:  13% (5732/44089)Updating files:  14% (6173/44089)Updating files:  15% (6614/44089)Updating files:  16% (7055/44089)Updating files:  17% (7496/44089)Updating files:  18% (7937/44089)Updating files:  19% (8377/44089)Updating files:  20% (8818/44089)Updating files:  21% (9259/44089)Updating files:  22% (9700/44089)Updating files:  23% (10141/44089)Updating files:  24% (10582/44089)Updating files:  25% (11023/44089)Updating files:  26% (11464/44089)Updating files:  27% (11905/44089)Updating files:  27% (12262/44089)Updating files:  28% (12345/44089)Updating files:  29% (12786/44089)Updating files:  30% (13227/44089)Updating files:  31% (13668/44089)Updating files:  32% (14109/44089)Updating files:  33% (14550/44089)Updating files:  34% (14991/44089)Updating files:  35% (15432/44089)Updating files:  36% (15873/44089)Updating files:  37% (16313/44089)Updating files:  38% (16754/44089)Updating files:  39% (17195/44089)Updating files:  40% (17636/44089)Updating files:  40% (18007/44089)Updating files:  41% (18077/44089)Updating files:  42% (18518/44089)Updating files:  43% (18959/44089)Updating files:  44% (19400/44089)Updating files:  45% (19841/44089)Updating files:  46% (20281/44089)Updating files:  47% (20722/44089)Updating files:  48% (21163/44089)Updating files:  49% (21604/44089)Updating files:  50% (22045/44089)Updating files:  51% (22486/44089)Updating files:  52% (22927/44089)Updating files:  52% (23091/44089)Updating files:  53% (23368/44089)Updating files:  54% (23809/44089)Updating files:  55% (24249/44089)Updating files:  56% (24690/44089)Updating files:  57% (25131/44089)Updating files:  58% (25572/44089)Updating files:  59% (26013/44089)Updating files:  60% (26454/44089)Updating files:  61% (26895/44089)Updating files:  62% (27336/44089)Updating files:  63% (27777/44089)Updating files:  64% (28217/44089)Updating files:  64% (28438/44089)Updating files:  65% (28658/44089)Updating files:  65% (29027/44089)Updating files:  66% (29099/44089)Updating files:  66% (29494/44089)Updating files:  67% (29540/44089)Updating files:  67% (29976/44089)Updating files:  68% (29981/44089)Updating files:  68% (29985/44089)Updating files:  68% (29991/44089)Updating files:  69% (30422/44089)Updating files:  70% (30863/44089)Updating files:  70% (30887/44089)Updating files:  71% (31304/44089)Updating files:  72% (31745/44089)Updating files:  72% (32045/44089)Updating files:  73% (32185/44089)Updating files:  74% (32626/44089)Updating files:  74% (32871/44089)Updating files:  75% (33067/44089)Updating files:  76% (33508/44089)Updating files:  76% (33585/44089)Updating files:  77% (33949/44089)Updating files:  77% (34115/44089)Updating files:  77% (34186/44089)Updating files:  77% (34221/44089)Updating files:  77% (34287/44089)Updating files:  77% (34357/44089)Updating files:  78% (34390/44089)Updating files:  78% (34393/44089)Updating files:  78% (34394/44089)Updating files:  78% (34548/44089)Updating files:  78% (34659/44089)Updating files:  78% (34743/44089)Updating files:  79% (34831/44089)Updating files:  79% (34870/44089)Updating files:  79% (34938/44089)Updating files:  79% (34968/44089)Updating files:  79% (35093/44089)Updating files:  79% (35189/44089)Updating files:  80% (35272/44089)Updating files:  80% (35274/44089)Updating files:  80% (35350/44089)Updating files:  80% (35456/44089)Updating files:  80% (35538/44089)Updating files:  80% (35604/44089)Updating files:  80% (35684/44089)Updating files:  81% (35713/44089)Updating files:  81% (35764/44089)Updating files:  81% (35858/44089)Updating files:  81% (35948/44089)Updating files:  81% (36039/44089)Updating files:  81% (36114/44089)Updating files:  81% (36150/44089)Updating files:  82% (36153/44089)Updating files:  82% (36245/44089)Updating files:  82% (36324/44089)Updating files:  82% (36408/44089)Updating files:  82% (36484/44089)Updating files:  82% (36553/44089)Updating files:  82% (36565/44089)Updating files:  83% (36594/44089)Updating files:  83% (36660/44089)Updating files:  83% (36754/44089)Updating files:  83% (36867/44089)Updating files:  83% (36940/44089)Updating files:  83% (36942/44089)Updating files:  84% (37035/44089)Updating files:  84% (37037/44089)Updating files:  84% (37162/44089)Updating files:  84% (37290/44089)Updating files:  84% (37415/44089)Updating files:  85% (37476/44089)Updating files:  85% (37515/44089)Updating files:  85% (37612/44089)Updating files:  85% (37664/44089)Updating files:  85% (37748/44089)Updating files:  85% (37850/44089)Updating files:  86% (37917/44089)Updating files:  86% (37970/44089)Updating files:  86% (38045/44089)Updating files:  87% (38358/44089)Updating files:  87% (38684/44089)Updating files:  88% (38799/44089)Updating files:  89% (39240/44089)Updating files:  89% (39282/44089)Updating files:  89% (39359/44089)Updating files:  89% (39370/44089)Updating files:  89% (39512/44089)Updating files:  89% (39618/44089)Updating files:  90% (39681/44089)Updating files:  90% (39717/44089)Updating files:  90% (39804/44089)Updating files:  90% (39938/44089)Updating files:  90% (40025/44089)Updating files:  90% (40093/44089)Updating files:  91% (40121/44089)Updating files:  91% (40163/44089)Updating files:  91% (40234/44089)Updating files:  91% (40387/44089)Updating files:  91% (40448/44089)Updating files:  91% (40518/44089)Updating files:  92% (40562/44089)Updating files:  92% (40601/44089)Updating files:  92% (40667/44089)Updating files:  92% (40784/44089)Updating files:  92% (40916/44089)Updating files:  93% (41003/44089)Updating files:  93% (41031/44089)Updating files:  93% (41115/44089)Updating files:  93% (41175/44089)Updating files:  93% (41199/44089)Updating files:  93% (41310/44089)Updating files:  94% (41444/44089)Updating files:  94% (41456/44089)Updating files:  94% (41542/44089)Updating files:  94% (41610/44089)Updating files:  94% (41633/44089)Updating files:  94% (41729/44089)Updating files:  94% (41827/44089)Updating files:  95% (41885/44089)Updating files:  95% (41908/44089)Updating files:  95% (41979/44089)Updating files:  95% (42106/44089)Updating files:  95% (42215/44089)Updating files:  95% (42299/44089)Updating files:  96% (42326/44089)Updating files:  96% (42367/44089)Updating files:  96% (42443/44089)Updating files:  96% (42553/44089)Updating files:  96% (42632/44089)Updating files:  96% (42759/44089)Updating files:  97% (42767/44089)Updating files:  97% (42850/44089)Updating files:  97% (42916/44089)Updating files:  97% (43080/44089)Updating files:  97% (43172/44089)Updating files:  98% (43208/44089)Updating files:  98% (43252/44089)Updating files:  98% (43387/44089)Updating files:  98% (43416/44089)