travis_fold:start:worker_info[0K[33;1mWorker information[0m
hostname: 9a6f6d69-d271-40e9-be0a-a559273005a4@1.worker-com-oss-bb6d69d68-fxvjh.gce-production-3
version: v6.2.21 https://github.com/travis-ci/worker/tree/cd59585215f5a19c00baad33031b8ed10144ad72
instance: travis-job-b27fc237-bff6-46f5-8cdf-cab84ef4b03b travis-ci-ubuntu-1804-1609168422-6c7eba12 (via amqp)
startup: 5.883028974s
travis_fold:end:worker_info[0Ktravis_time:start:0954d24a[0Ktravis_time:end:0954d24a:start=1616086367777852937,finish=1616086367970479529,duration=192626592,event=no_world_writable_dirs[0Ktravis_time:start:03c738fc[0Ktravis_time:end:03c738fc:start=1616086367973671464,finish=1616086367977112167,duration=3440703,event=setup_filter[0Ktravis_time:start:1a7d174c[0Ktravis_time:end:1a7d174c:start=1616086367981191848,finish=1616086367997741250,duration=16549402,event=agent[0Ktravis_time:start:0684237c[0Ktravis_time:end:0684237c:start=1616086368001135219,finish=1616086368003412347,duration=2277128,event=check_unsupported[0Ktravis_time:start:05f2c52a[0Ktravis_fold:start:system_info[0K[33;1mBuild system information[0m
Build language: python
Build group: stable
Build dist: bionic
Build id: 220526089
Job id: 492078953
Runtime kernel version: 5.4.0-1032-gcp
travis-build version: 091d532a
[34m[1mBuild image provisioning date and time[0m
Mon Dec 28 15:53:02 UTC 2020
[34m[1mOperating System Details[0m
Distributor ID:	Ubuntu
Description:	Ubuntu 18.04.5 LTS
Release:	18.04
Codename:	bionic
[34m[1mSystemd Version[0m
systemd 237
[34m[1mCookbooks Version[0m
10a7b34 https://github.com/travis-ci/travis-cookbooks/tree/10a7b34
[34m[1mgit version[0m
git version 2.29.2
[34m[1mbash version[0m
GNU bash, version 4.4.20(1)-release (x86_64-pc-linux-gnu)
[34m[1mgcc version[0m
gcc (Ubuntu 7.5.0-3ubuntu1~18.04) 7.5.0
[34m[1mdocker version[0m
Client:
 Version:           18.06.0-ce
 API version:       1.38
 Go version:        go1.10.3
 Git commit:        0ffa825
 Built:             Wed Jul 18 19:09:54 2018
 OS/Arch:           linux/amd64
 Experimental:      false

Server:
 Engine:
  Version:          18.06.0-ce
  API version:      1.38 (minimum version 1.12)
  Go version:       go1.10.3
  Git commit:       0ffa825
  Built:            Wed Jul 18 19:07:56 2018
  OS/Arch:          linux/amd64
  Experimental:     false
[34m[1mclang version[0m
clang version 7.0.0 (tags/RELEASE_700/final)
[34m[1mjq version[0m
jq-1.5
[34m[1mbats version[0m
Bats 0.4.0
[34m[1mshellcheck version[0m
0.7.0
[34m[1mshfmt version[0m
v3.2.1
[34m[1mccache version[0m
3.4.1
[34m[1mcmake version[0m
cmake version 3.12.4
[34m[1mheroku version[0m
heroku/7.47.6 linux-x64 node-v12.16.2
[34m[1mimagemagick version[0m
Version: ImageMagick 6.9.7-4 Q16 x86_64 20170114 http://www.imagemagick.org
[34m[1mmd5deep version[0m
4.4
[34m[1mmercurial version[0m
version 4.8
[34m[1mmysql version[0m
mysql  Ver 14.14 Distrib 5.7.32, for Linux (x86_64) using  EditLine wrapper
[34m[1mopenssl version[0m
OpenSSL 1.1.1  11 Sep 2018
[34m[1mpacker version[0m
1.3.3
[34m[1mpostgresql client version[0m
psql (PostgreSQL) 11.10 (Ubuntu 11.10-1.pgdg18.04+1)
[34m[1mragel version[0m
Ragel State Machine Compiler version 6.10 March 2017
[34m[1msudo version[0m
1.8.21p2
[34m[1mgzip version[0m
gzip 1.6
[34m[1mzip version[0m
Zip 3.0
[34m[1mvim version[0m
VIM - Vi IMproved 8.0 (2016 Sep 12, compiled Oct 13 2020 15:49:09)
[34m[1miptables version[0m
iptables v1.6.1
[34m[1mcurl version[0m
curl 7.58.0 (x86_64-pc-linux-gnu) libcurl/7.58.0 OpenSSL/1.1.1 zlib/1.2.11 libidn2/2.0.4 libpsl/0.19.1 (+libidn2/2.0.4) nghttp2/1.30.0 librtmp/2.3
[34m[1mwget version[0m
GNU Wget 1.19.4 built on linux-gnu.
[34m[1mrsync version[0m
rsync  version 3.1.2  protocol version 31
[34m[1mgimme version[0m
v1.5.4
[34m[1mnvm version[0m
0.37.2
[34m[1mperlbrew version[0m
/home/travis/perl5/perlbrew/bin/perlbrew  - App::perlbrew/0.88
[34m[1mphpenv version[0m
rbenv 1.1.2-40-g62d7798
[34m[1mrvm version[0m
rvm 1.29.10 (latest) by Michal Papis, Piotr Kuczynski, Wayne E. Seguin [https://rvm.io]
[34m[1mdefault ruby version[0m
ruby 2.6.5p114 (2019-10-01 revision 67812) [x86_64-linux]
[34m[1mElasticSearch version[0m
5.5.0
[34m[1mInstalled Firefox version[0m
firefox 63.0.1
[34m[1mMongoDB version[0m
MongoDB 4.0.22
[34m[1mPhantomJS version[0m
2.1.1
[34m[1mPre-installed PostgreSQL versions[0m
9.3.25
9.4.26
9.5.24
9.6.20
[34m[1mRedis version[0m
redis-server 6.0.6
[34m[1mPre-installed Go versions[0m
1.11.1
[34m[1mant version[0m
Apache Ant(TM) version 1.10.5 compiled on March 28 2019
[34m[1mmvn version[0m
Apache Maven 3.6.3 (cecedd343002696d0abb50b32b541b8a6ba2883f)
[34m[1mgradle version[0m
Gradle 5.1.1!
[34m[1mlein version[0m
Leiningen 2.9.5 on Java 11.0.2 OpenJDK 64-Bit Server VM
[34m[1mPre-installed Node.js versions[0m
v10.16.0
v10.23.0
v11.15.0
v12.13.1
v12.20.0
v13.3.0
v14.15.3
v4.9.1
v6.17.1
v8.16.2
v8.17.0
v8.9
[34m[1mphpenv versions[0m
  system
  7.1
  7.1.33
  7.2
* 7.2.27 (set by /home/travis/.phpenv/version)
  7.3
  7.3.14
  7.4
  7.4.2
  hhvm
  hhvm-stable
[34m[1mcomposer --version[0m
Composer version 1.9.2 2020-01-14 16:30:31
[34m[1mPre-installed Ruby versions[0m
ruby-2.4.9
ruby-2.5.3
ruby-2.5.7
ruby-2.6.5
ruby-2.7.0
travis_fold:end:system_info[0K
travis_time:end:05f2c52a:start=1616086368008713833,finish=1616086368028602849,duration=19889016,event=show_system_info[0Ktravis_time:start:05f91998[0Ktravis_time:end:05f91998:start=1616086368031523054,finish=1616086368053502209,duration=21979155,event=rm_riak_source[0Ktravis_time:start:00a240e6[0Ktravis_time:end:00a240e6:start=1616086368065446989,finish=1616086368077841357,duration=12394368,event=fix_rwky_redis[0Ktravis_time:start:0a8bd1eb[0Ktravis_time:end:0a8bd1eb:start=1616086368081349827,finish=1616086368547271215,duration=465921388,event=wait_for_network[0Ktravis_time:start:1b486de0[0Ktravis_time:end:1b486de0:start=1616086368551660970,finish=1616086368795660571,duration=243999601,event=update_apt_keys[0Ktravis_time:start:002eeb40[0Ktravis_time:end:002eeb40:start=1616086368799878462,finish=1616086368853118433,duration=53239971,event=fix_hhvm_source[0Ktravis_time:start:163c0440[0Ktravis_time:end:163c0440:start=1616086368857103198,finish=1616086368859718700,duration=2615502,event=update_mongo_arch[0Ktravis_time:start:361481d6[0Ktravis_time:end:361481d6:start=1616086368863225282,finish=1616086368904453814,duration=41228532,event=fix_sudo_enabled_trusty[0Ktravis_time:start:06ae8e0d[0Ktravis_time:end:06ae8e0d:start=1616086368908149501,finish=1616086368910773678,duration=2624177,event=update_glibc[0Ktravis_time:start:0498fc00[0Ktravis_time:end:0498fc00:start=1616086368914218541,finish=1616086368923518438,duration=9299897,event=clean_up_path[0Ktravis_time:start:011148b0[0Ktravis_time:end:011148b0:start=1616086368926929425,finish=1616086368936139003,duration=9209578,event=fix_resolv_conf[0Ktravis_time:start:0aa307d2[0Ktravis_time:end:0aa307d2:start=1616086368939581775,finish=1616086368966354286,duration=26772511,event=fix_etc_hosts[0Ktravis_time:start:0ba2fa66[0Ktravis_time:end:0ba2fa66:start=1616086368970490080,finish=1616086368978630820,duration=8140740,event=fix_mvn_settings_xml[0Ktravis_time:start:00f8cc61[0Ktravis_time:end:00f8cc61:start=1616086368983148132,finish=1616086368992988995,duration=9840863,event=no_ipv6_localhost[0Ktravis_time:start:000f3aae[0Ktravis_time:end:000f3aae:start=1616086368997587489,finish=1616086369000165508,duration=2578019,event=fix_etc_mavenrc[0Ktravis_time:start:1075d130[0Ktravis_time:end:1075d130:start=1616086369004322965,finish=1616086369007849708,duration=3526743,event=fix_wwdr_certificate[0Ktravis_time:start:0370a386[0Ktravis_time:end:0370a386:start=1616086369012050468,finish=1616086369059672803,duration=47622335,event=put_localhost_first[0Ktravis_time:start:1c4e6562[0Ktravis_time:end:1c4e6562:start=1616086369063679557,finish=1616086369066673150,duration=2993593,event=home_paths[0Ktravis_time:start:0014a73e[0Ktravis_time:end:0014a73e:start=1616086369070607970,finish=1616086369083435351,duration=12827381,event=disable_initramfs[0Ktravis_time:start:004f664a[0Ktravis_time:end:004f664a:start=1616086369087365349,finish=1616086369232841331,duration=145475982,event=disable_ssh_roaming[0Ktravis_time:start:13c06a08[0Ktravis_time:end:13c06a08:start=1616086369236726782,finish=1616086369239655236,duration=2928454,event=debug_tools[0Ktravis_time:start:05142bd0[0Ktravis_time:end:05142bd0:start=1616086369243625774,finish=1616086369247737933,duration=4112159,event=uninstall_oclint[0Ktravis_time:start:0155aa18[0Ktravis_time:end:0155aa18:start=1616086369251665179,finish=1616086369255493861,duration=3828682,event=rvm_use[0Ktravis_time:start:11053f90[0Ktravis_time:end:11053f90:start=1616086369259326091,finish=1616086369269377767,duration=10051676,event=rm_etc_boto_cfg[0Ktravis_time:start:1a0a2de4[0Ktravis_time:end:1a0a2de4:start=1616086369273212389,finish=1616086369276163746,duration=2951357,event=rm_oraclejdk8_symlink[0Ktravis_time:start:00785dca[0Ktravis_time:end:00785dca:start=1616086369281056290,finish=1616086369373333177,duration=92276887,event=enable_i386[0Ktravis_time:start:224ddec2[0Ktravis_time:end:224ddec2:start=1616086369378668453,finish=1616086369382470228,duration=3801775,event=update_rubygems[0Ktravis_time:start:25cdad28[0Ktravis_time:end:25cdad28:start=1616086369386446005,finish=1616086370374789022,duration=988343017,event=ensure_path_components[0Ktravis_time:start:11903adb[0Ktravis_time:end:11903adb:start=1616086370379217587,finish=1616086370381434780,duration=2217193,event=redefine_curl[0Ktravis_time:start:26aac740[0Ktravis_time:end:26aac740:start=1616086370385107826,finish=1616086370481929597,duration=96821771,event=nonblock_pipe[0Ktravis_time:start:1bed325b[0Ktravis_time:end:1bed325b:start=1616086370486062892,finish=1616086376520029689,duration=6033966797,event=apt_get_update[0Ktravis_time:start:1e426354[0Ktravis_time:end:1e426354:start=1616086376524488875,finish=1616086376526933029,duration=2444154,event=deprecate_xcode_64[0Ktravis_time:start:1b048da4[0Ktravis_time:end:1b048da4:start=1616086376530797614,finish=1616086379393909457,duration=2863111843,event=update_heroku[0Ktravis_time:start:18bacc47[0Ktravis_time:end:18bacc47:start=1616086379398085242,finish=1616086379400776497,duration=2691255,event=shell_session_update[0Ktravis_time:start:13467ddd[0Ktravis_fold:start:docker_mtu_and_registry_mirrors[0Ktravis_fold:end:docker_mtu_and_registry_mirrors[0Ktravis_time:end:13467ddd:start=1616086379404827176,finish=1616086381795538427,duration=2390711251,event=set_docker_mtu_and_registry_mirrors[0Ktravis_time:start:290b0dd0[0Ktravis_fold:start:resolvconf[0Ktravis_fold:end:resolvconf[0Ktravis_time:end:290b0dd0:start=1616086381800214740,finish=1616086381868699427,duration=68484687,event=resolvconf[0Ktravis_time:start:061f4104[0Ktravis_time:end:061f4104:start=1616086381873614407,finish=1616086382034329653,duration=160715246,event=maven_central_mirror[0Ktravis_time:start:0514cc65[0Ktravis_time:end:0514cc65:start=1616086382039580496,finish=1616086382136735230,duration=97154734,event=maven_https[0Ktravis_time:start:09815342[0Ktravis_fold:start:services[0Ktravis_time:start:163575a2[0K$ sudo systemctl start docker
travis_time:end:163575a2:start=1616086382150019160,finish=1616086382163043836,duration=13024676,event=prepare[0Ktravis_fold:end:services[0Ktravis_time:end:163575a2:start=1616086382150019160,finish=1616086385169669434,duration=3019650274,event=services[0Ktravis_time:start:035e1423[0Ktravis_time:end:035e1423:start=1616086385173194184,finish=1616086385175874184,duration=2680000,event=fix_ps4[0Ktravis_time:start:0521f19c[0K
travis_fold:start:git.checkout[0Ktravis_time:start:0c979a70[0K$ git clone --depth=50 --branch=develop https://github.com/precice/systemtests.git precice/systemtests
Cloning into 'precice/systemtests'...
Updating files:  93% (3876/4150)Updating files:  94% (3901/4150)Updating files:  95% (3943/4150)Updating files:  96% (3984/4150)Updating files:  97% (4026/4150)Updating files:  98% (4067/4150)Updating files:  99% (4109/4150)Updating files: 100% (4150/4150)Updating files: 100% (4150/4150), done.
travis_time:end:0c979a70:start=1616086385185049846,finish=1616086397201153720,duration=12016103874,event=checkout[0K$ cd precice/systemtests
$ git checkout -qf bec01a5bbe3394e3b2b204da45c39d5922349274
travis_fold:end:git.checkout[0K
travis_time:end:0c979a70:start=1616086385185049846,finish=1616086397480277309,duration=12295227463,event=checkout[0Ktravis_time:start:05315ef2[0K
[33;1mSetting environment variables from repository settings[0m
$ export DOCKER_PASSWORD=[secure]
$ export PRECICE_BOT_EMAIL=[secure]
$ export GH_TOKEN=[secure]
$ export DOCKER_USERNAME=precice
$ export TRAVIS_ACCESS_TOKEN=[secure]

travis_time:end:05315ef2:start=1616086397485664052,finish=1616086397494411141,duration=8747089,event=env[0Ktravis_time:start:1888ecaa[0K$ source ~/virtualenv/python3.8/bin/activate
travis_time:end:1888ecaa:start=1616086397498878981,finish=1616086397505189446,duration=6310465,event=[0K$ python --version
Python 3.8.1
$ pip --version
pip 20.3.3 from /home/travis/virtualenv/python3.8.1/lib/python3.8/site-packages/pip (python 3.8)
travis_fold:start:install[0Ktravis_time:start:14e3079d[0K$ pip install Jinja2
Collecting Jinja2
  Downloading Jinja2-2.11.3-py2.py3-none-any.whl (125 kB)
Collecting MarkupSafe>=0.23
  Downloading MarkupSafe-1.1.1-cp38-cp38-manylinux2010_x86_64.whl (32 kB)
Installing collected packages: MarkupSafe, Jinja2
Successfully installed Jinja2-2.11.3 MarkupSafe-1.1.1
travis_time:end:14e3079d:start=1616086397986598044,finish=1616086399202414757,duration=1215816713,event=install[0Ktravis_fold:end:install[0Ktravis_time:start:069b88da[0K$ export DEALII_TAG=develop; 
travis_time:end:069b88da:start=1616086399208171777,finish=1616086399210868919,duration=2697142,event=script[0K[32;1mThe command "export DEALII_TAG=develop; " exited with 0.[0m
travis_time:start:07657510[0K$ python system_testing.py -s dealii-of --base Ubuntu1804.package -v
Total reclaimed space: 0B
networks:
  precicecomm: {}
services:
  dealii-adapter:
    command: '/bin/bash -c " ln -sf configs/* . && sed -i ''s/\(set Solver type *\)=
      Direct/\1 = CG/gp'' /home/precice/Data/Input/linear_elasticity.prm && ./linear_elasticity/linear_elasticity
      /home/precice/Data/Input/linear_elasticity.prm && mkdir /home/precice/Data/Output/Fluid
      && cp -r precice-output *.log /home/precice/Data/Output/Fluid"

      '
    container_name: dealii-adapter
    depends_on:
    - openfoam-adapter
    - tutorial-data
    image: precice/dealii-adapter-ubuntu1804.package-develop:develop
    networks:
      precicecomm: null
    volumes:
    - exchange:/home/precice/Data/Exchange:rw
    - input_dealii:/home/precice/Data/Input:rw
    - configs:/home/precice/dealii-adapter/configs:rw
    - output:/home/precice/Data/Output:rw
  openfoam-adapter:
    command: '/bin/bash -c "source /usr/lib/openfoam/openfoam2006/etc/bashrc && ln
      -sf configs/* . && blockMesh -case /home/precice/Data/Input && checkMesh -case
      /home/precice/Data/Input && pimpleFoam -case /home/precice/Data/Input && mkdir
      /home/precice/Data/Output/Solid && cp -r precice-output *.log /home/precice/Data/Output/Solid"

      '
    container_name: openfoam-adapter
    depends_on:
    - tutorial-data
    image: precice/openfoam-adapter-ubuntu1804.package-develop:latest
    networks:
      precicecomm: null
    volumes:
    - exchange:/home/precice/Data/Exchange:rw
    - input_of:/home/precice/Data/Input:rw
    - configs:/home/precice/openfoam-adapter/configs:rw
    - output:/home/precice/Data/Output:rw
  tutorial-data:
    build:
      context: /home/travis/build/precice/systemtests/tests/TestCompose_dealii-of
      dockerfile: Dockerfile.tutorial_data
    container_name: tutorial-data
    volumes:
    - input_of:/tutorials/FSI/flap_perp/OpenFOAM-deal.II/Fluid:rw
    - input_dealii:/tutorials/FSI/flap_perp/OpenFOAM-deal.II/Solid:rw
    - configs:/configs:rw
    - output:/Output:rw
version: '3.0'
volumes:
  configs: {}
  exchange: {}
  input_dealii: {}
  input_of: {}
  output: {}

Creating network "testcompose_dealii-of_default" with the default driver
Creating network "testcompose_dealii-of_precicecomm" with the default driver
Creating volume "testcompose_dealii-of_exchange" with default driver
Creating volume "testcompose_dealii-of_input_dealii" with default driver
Creating volume "testcompose_dealii-of_input_of" with default driver
Creating volume "testcompose_dealii-of_output" with default driver
Creating volume "testcompose_dealii-of_configs" with default driver
Building tutorial-data
Step 1/11 : from alpine
latest: Pulling from library/alpine
Digest: sha256:a75afd8b57e7f34e4dad8d65e2c7ba2e1975c795ce1ee22fa34f8cf46f96a3be
Status: Downloaded newer image for alpine:latest
 ---> 28f6e2705743
Step 2/11 : ENV tutorial_path tutorials/FSI/flap_perp_2D/OpenFOAM-deal.II
 ---> Running in 15ba25f7ae7a
Removing intermediate container 15ba25f7ae7a
 ---> 3b54866d9fed
Step 3/11 : RUN apk add git
 ---> Running in 898e31b67d31
fetch https://dl-cdn.alpinelinux.org/alpine/v3.13/main/x86_64/APKINDEX.tar.gz
fetch https://dl-cdn.alpinelinux.org/alpine/v3.13/community/x86_64/APKINDEX.tar.gz
(1/7) Installing ca-certificates (20191127-r5)
(2/7) Installing brotli-libs (1.0.9-r3)
(3/7) Installing nghttp2-libs (1.42.0-r1)
(4/7) Installing libcurl (7.74.0-r1)
(5/7) Installing expat (2.2.10-r1)
(6/7) Installing pcre2 (10.36-r0)
(7/7) Installing git (2.30.2-r0)
Executing busybox-1.32.1-r3.trigger
Executing ca-certificates-20191127-r5.trigger
OK: 19 MiB in 21 packages
Removing intermediate container 898e31b67d31
 ---> 8abeaeeb8d7f
Step 4/11 : ARG branch=develop
 ---> Running in 4ac3e49ae588
Removing intermediate container 4ac3e49ae588
 ---> 3cd369697dd2
Step 5/11 : RUN git clone --depth 1  --branch $branch https://github.com/precice/tutorials
 ---> Running in 82308a112738
[91mCloning into 'tutorials'...
[0mRemoving intermediate container 82308a112738
 ---> 9953e8ad7d9b
Step 6/11 : RUN mkdir configs &&     sed -e 's|m2n:sockets from="Fluid" to="Solid"|m2n:sockets from="Fluid" to="Solid" exchange-directory="/home/precice/Data/Exchange/" network="eth0"|g;     s|max-time value="5"|max-time value="1"|g ;     s|\(\s\+\)\(</participant>\)|\1   <export:vtk directory="precice-output" />\n\1\2|g'  		$tutorial_path/precice-config.xml > configs/precice-config.xml
 ---> Running in eba99574f099
[91msed: tutorials/FSI/flap_perp_2D/OpenFOAM-deal.II/precice-config.xml: No such file or directory
[0mService 'tutorial-data' failed to build: The command '/bin/sh -c mkdir configs &&     sed -e 's|m2n:sockets from="Fluid" to="Solid"|m2n:sockets from="Fluid" to="Solid" exchange-directory="/home/precice/Data/Exchange/" network="eth0"|g;     s|max-time value="5"|max-time value="1"|g ;     s|\(\s\+\)\(</participant>\)|\1   <export:vtk directory="precice-output" />\n\1\2|g'  		$tutorial_path/precice-config.xml > configs/precice-config.xml' returned a non-zero code: 1
EXECUTING: docker container prune -f; export PRECICE_BASE=-ubuntu1804.package-develop; mkdir Logs; docker-compose config && bash ../../silent_compose.sh debug
TEST FAILED WITH: Command 'docker container prune -f; export PRECICE_BASE=-ubuntu1804.package-develop; mkdir Logs; docker-compose config && bash ../../silent_compose.sh debug' returned non-zero exit status 1.
Traceback (most recent call last):
  File "system_testing.py", line 117, in run_compose
    ccall(command)
  File "/home/travis/build/precice/systemtests/common.py", line 11, in ccall
    return call(cmd, check = True, **kwargs)
  File "/home/travis/build/precice/systemtests/common.py", line 6, in call
    cp = subprocess.run(cmd, shell=True, **kwargs)
  File "/opt/python/3.8.1/lib/python3.8/subprocess.py", line 512, in run
    raise CalledProcessError(retcode, process.args,
subprocess.CalledProcessError: Command 'docker container prune -f; export PRECICE_BASE=-ubuntu1804.package-develop; mkdir Logs; docker-compose config && bash ../../silent_compose.sh debug' returned non-zero exit status 1.

During handling of the above exception, another exception occurred:

Traceback (most recent call last):
  File "system_testing.py", line 305, in <module>
    build_run_compare(test, tag, args.branch.lower(), args.local,
  File "system_testing.py", line 227, in build_run_compare
    run_compose(test, branch, local_precice, tag, force_rebuild, rm_all, verbose)
  File "system_testing.py", line 141, in run_compose
    raise STRunException()
__main__.STRunException: TEST FAILED - An error occured while running the test!
travis_time:end:07657510:start=1616086399215932435,finish=1616086406432632463,duration=7216700028,event=script[0K[31;1mThe command "python system_testing.py -s dealii-of --base Ubuntu1804.package -v" exited with 1.[0m
travis_time:start:20775d60[0K$ python push.py
Cloning into 'precice_st_output'...
Updating files:  13% (5829/43742)Updating files:  14% (6124/43742)Updating files:  15% (6562/43742)Updating files:  16% (6999/43742)Updating files:  17% (7437/43742)Updating files:  18% (7874/43742)Updating files:  19% (8311/43742)Updating files:  20% (8749/43742)Updating files:  21% (9186/43742)Updating files:  22% (9624/43742)Updating files:  23% (10061/43742)Updating files:  24% (10499/43742)Updating files:  25% (10936/43742)Updating files:  26% (11373/43742)Updating files:  27% (11811/43742)Updating files:  28% (12248/43742)Updating files:  29% (12686/43742)Updating files:  29% (12892/43742)Updating files:  30% (13123/43742)Updating files:  31% (13561/43742)Updating files:  32% (13998/43742)Updating files:  33% (14435/43742)Updating files:  34% (14873/43742)Updating files:  35% (15310/43742)Updating files:  36% (15748/43742)Updating files:  37% (16185/43742)Updating files:  38% (16622/43742)Updating files:  39% (17060/43742)Updating files:  40% (17497/43742)Updating files:  41% (17935/43742)Updating files:  42% (18372/43742)Updating files:  42% (18785/43742)Updating files:  43% (18810/43742)Updating files:  44% (19247/43742)Updating files:  45% (19684/43742)Updating files:  46% (20122/43742)Updating files:  47% (20559/43742)Updating files:  48% (20997/43742)Updating files:  49% (21434/43742)Updating files:  50% (21871/43742)Updating files:  51% (22309/43742)Updating files:  52% (22746/43742)Updating files:  53% (23184/43742)Updating files:  53% (23547/43742)Updating files:  54% (23621/43742)Updating files:  55% (24059/43742)Updating files:  56% (24496/43742)Updating files:  57% (24933/43742)Updating files:  58% (25371/43742)Updating files:  59% (25808/43742)Updating files:  60% (26246/43742)Updating files:  61% (26683/43742)Updating files:  62% (27121/43742)Updating files:  63% (27558/43742)Updating files:  64% (27995/43742)Updating files:  65% (28433/43742)Updating files:  65% (28495/43742)Updating files:  66% (28870/43742)Updating files:  66% (29252/43742)Updating files:  67% (29308/43742)Updating files:  68% (29745/43742)Updating files:  68% (29985/43742)Updating files:  69% (30182/43742)Updating files:  70% (30620/43742)Updating files:  71% (31057/43742)Updating files:  72% (31495/43742)Updating files:  73% (31932/43742)Updating files:  74% (32370/43742)Updating files:  75% (32807/43742)Updating files:  76% (33244/43742)Updating files:  76% (33478/43742)Updating files:  77% (33682/43742)Updating files:  78% (34119/43742)Updating files:  78% (34355/43742)Updating files:  79% (34557/43742)Updating files:  79% (34655/43742)Updating files:  79% (34870/43742)Updating files:  79% (34992/43742)Updating files:  80% (34994/43742)Updating files:  80% (35081/43742)Updating files:  80% (35158/43742)Updating files:  80% (35204/43742)Updating files:  80% (35271/43742)Updating files:  80% (35343/43742)Updating files:  80% (35372/43742)Updating files:  81% (35432/43742)Updating files:  81% (35444/43742)Updating files:  81% (35520/43742)Updating files:  81% (35610/43742)Updating files:  81% (35691/43742)Updating files:  81% (35783/43742)Updating files:  81% (35861/43742)Updating files:  82% (35869/43742)Updating files:  82% (35946/43742)Updating files:  82% (36023/43742)Updating files:  82% (36062/43742)Updating files:  82% (36132/43742)Updating files:  82% (36215/43742)Updating files:  82% (36300/43742)Updating files:  83% (36306/43742)Updating files:  83% (36374/43742)Updating files:  83% (36421/43742)Updating files:  83% (36498/43742)Updating files:  83% (36568/43742)Updating files:  83% (36644/43742)Updating files:  83% (36714/43742)Updating files:  84% (36744/43742)Updating files:  84% (36817/43742)Updating files:  84% (36902/43742)Updating files:  84% (36957/43742)Updating files:  84% (37032/43742)Updating files:  84% (37115/43742)Updating files:  85% (37181/43742)Updating files:  85% (37225/43742)Updating files:  85% (37307/43742)Updating files:  85% (37383/43742)Updating files:  85% (37384/43742)Updating files:  85% (37551/43742)Updating files:  86% (37619/43742)Updating files:  86% (37638/43742)Updating files:  86% (37722/43742)Updating files:  86% (37811/43742)Updating files:  86% (37862/43742)Updating files:  86% (37973/43742)Updating files:  86% (38049/43742)Updating files:  87% (38056/43742)Updating files:  88% (38493/43742)Updating files:  88% (38836/43742)Updating files:  89% (38931/43742)Updating files:  89% (39280/43742)Updating files:  90% (39368/43742)Updating files:  90% (39515/43742)Updating files:  90% (39594/43742)Updating files:  90% (39677/43742)Updating files:  90% (39753/43742)Updating files:  91% (39806/43742)Updating files:  91% (39807/43742)Updating files:  91% (39894/43742)Updating files:  91% (39978/43742)Updating files:  91% (40065/43742)Updating files:  91% (40151/43742)Updating files:  92% (40243/43742)Updating files:  92% (40252/43742)Updating files:  92% (40340/43742)Updating files:  92% (40424/43742)Updating files:  92% (40512/43742)Updating files:  92% (40598/43742)Updating files:  92% (40600/43742)Updating files:  93% (40681/43742)Updating files:  93% (40688/43742)Updating files:  93% (40798/43742)Updating files:  93% (40943/43742)Updating files:  93% (41089/43742)Updating files:  94% (41118/43742)Updating files:  94% (41184/43742)Updating files:  94% (41289/43742)Updating files:  94% (41374/43742)Updating files:  94% (41465/43742)Updating files:  94% (41551/43742)Updating files:  95% (41555/43742)Updating files:  95% (41635/43742)Updating files:  95% (41717/43742)Updating files:  95% (41795/43742)Updating files:  95% (41842/43742)Updating files:  95% (41924/43742)Updating files:  95% (41929/43742)Updating files:  96% (41993/43742)Updating files:  96% (42094/43742)Updating files:  96% (42196/43742)Updating files:  96% (42278/43742)Updating files:  96% (42364/43742)Updating files:  96% (42366/43742)Updating files:  97% (42430/43742)Updating files:  97% (42532/43742)Updating files:  97% (42611/43742)Updating files:  97% (42694/43742)Updating files:  97% (42810/43742)Updating files:  98% (42868/43742)Updating files:  98% (42928/43742)Updating files:  98% (43015/43742)Updating files:  98% (43103/43742)Updating files:  98% (43236/43742)Updating files:  99% (43305/43742)Updating files:  99% (43333/43742)Updating files:  99% (43439/43742)