travis_fold:start:worker_info[0K[33;1mWorker information[0m
hostname: 4dd80a67-294b-46fc-9389-aa12f67401ed@1.worker-com-oss-6bfdccb59f-lmt57.gce-production-3
version: v6.2.20-1-g3a987d6 https://github.com/travis-ci/worker/tree/3a987d61ed169c9539ad435d1a9b5f2d8c6ce4a6
instance: travis-job-1b2d2ea1-8611-465e-9d1f-a422dfef1c88 travis-ci-ubuntu-1804-1609168422-6c7eba12 (via amqp)
startup: 5.899475402s
travis_fold:end:worker_info[0Ktravis_time:start:0a615bc9[0Ktravis_time:end:0a615bc9:start=1609864784797375411,finish=1609864784982756556,duration=185381145,event=no_world_writable_dirs[0Ktravis_time:start:025002b2[0Ktravis_time:end:025002b2:start=1609864784985858726,finish=1609864784989180006,duration=3321280,event=setup_filter[0Ktravis_time:start:01818620[0Ktravis_time:end:01818620:start=1609864784997772965,finish=1609864785005250629,duration=7477664,event=agent[0Ktravis_time:start:025c65a8[0Ktravis_time:end:025c65a8:start=1609864785007904783,finish=1609864785009958012,duration=2053229,event=check_unsupported[0Ktravis_time:start:05f25721[0Ktravis_fold:start:system_info[0K[33;1mBuild system information[0m
Build language: python
Build group: stable
Build dist: bionic
Build id: 212022779
Job id: 468713201
Runtime kernel version: 5.4.0-1032-gcp
travis-build version: 982f28d0
[34m[1mBuild image provisioning date and time[0m
Mon Dec 28 15:53:02 UTC 2020
[34m[1mOperating System Details[0m
Distributor ID:	Ubuntu
Description:	Ubuntu 18.04.5 LTS
Release:	18.04
Codename:	bionic
[34m[1mSystemd Version[0m
systemd 237
[34m[1mCookbooks Version[0m
10a7b34 https://github.com/travis-ci/travis-cookbooks/tree/10a7b34
[34m[1mgit version[0m
git version 2.29.2
[34m[1mbash version[0m
GNU bash, version 4.4.20(1)-release (x86_64-pc-linux-gnu)
[34m[1mgcc version[0m
gcc (Ubuntu 7.5.0-3ubuntu1~18.04) 7.5.0
[34m[1mdocker version[0m
Client:
 Version:           18.06.0-ce
 API version:       1.38
 Go version:        go1.10.3
 Git commit:        0ffa825
 Built:             Wed Jul 18 19:09:54 2018
 OS/Arch:           linux/amd64
 Experimental:      false

Server:
 Engine:
  Version:          18.06.0-ce
  API version:      1.38 (minimum version 1.12)
  Go version:       go1.10.3
  Git commit:       0ffa825
  Built:            Wed Jul 18 19:07:56 2018
  OS/Arch:          linux/amd64
  Experimental:     false
[34m[1mclang version[0m
clang version 7.0.0 (tags/RELEASE_700/final)
[34m[1mjq version[0m
jq-1.5
[34m[1mbats version[0m
Bats 0.4.0
[34m[1mshellcheck version[0m
0.7.0
[34m[1mshfmt version[0m
v3.2.1
[34m[1mccache version[0m
3.4.1
[34m[1mcmake version[0m
cmake version 3.12.4
[34m[1mheroku version[0m
heroku/7.47.6 linux-x64 node-v12.16.2
[34m[1mimagemagick version[0m
Version: ImageMagick 6.9.7-4 Q16 x86_64 20170114 http://www.imagemagick.org
[34m[1mmd5deep version[0m
4.4
[34m[1mmercurial version[0m
version 4.8
[34m[1mmysql version[0m
mysql  Ver 14.14 Distrib 5.7.32, for Linux (x86_64) using  EditLine wrapper
[34m[1mopenssl version[0m
OpenSSL 1.1.1  11 Sep 2018
[34m[1mpacker version[0m
1.3.3
[34m[1mpostgresql client version[0m
psql (PostgreSQL) 11.10 (Ubuntu 11.10-1.pgdg18.04+1)
[34m[1mragel version[0m
Ragel State Machine Compiler version 6.10 March 2017
[34m[1msudo version[0m
1.8.21p2
[34m[1mgzip version[0m
gzip 1.6
[34m[1mzip version[0m
Zip 3.0
[34m[1mvim version[0m
VIM - Vi IMproved 8.0 (2016 Sep 12, compiled Oct 13 2020 15:49:09)
[34m[1miptables version[0m
iptables v1.6.1
[34m[1mcurl version[0m
curl 7.58.0 (x86_64-pc-linux-gnu) libcurl/7.58.0 OpenSSL/1.1.1 zlib/1.2.11 libidn2/2.0.4 libpsl/0.19.1 (+libidn2/2.0.4) nghttp2/1.30.0 librtmp/2.3
[34m[1mwget version[0m
GNU Wget 1.19.4 built on linux-gnu.
[34m[1mrsync version[0m
rsync  version 3.1.2  protocol version 31
[34m[1mgimme version[0m
v1.5.4
[34m[1mnvm version[0m
0.37.2
[34m[1mperlbrew version[0m
/home/travis/perl5/perlbrew/bin/perlbrew  - App::perlbrew/0.88
[34m[1mphpenv version[0m
rbenv 1.1.2-40-g62d7798
[34m[1mrvm version[0m
rvm 1.29.10 (latest) by Michal Papis, Piotr Kuczynski, Wayne E. Seguin [https://rvm.io]
[34m[1mdefault ruby version[0m
ruby 2.6.5p114 (2019-10-01 revision 67812) [x86_64-linux]
[34m[1mElasticSearch version[0m
5.5.0
[34m[1mInstalled Firefox version[0m
firefox 63.0.1
[34m[1mMongoDB version[0m
MongoDB 4.0.22
[34m[1mPhantomJS version[0m
2.1.1
[34m[1mPre-installed PostgreSQL versions[0m
9.3.25
9.4.26
9.5.24
9.6.20
[34m[1mRedis version[0m
redis-server 6.0.6
[34m[1mPre-installed Go versions[0m
1.11.1
[34m[1mant version[0m
Apache Ant(TM) version 1.10.5 compiled on March 28 2019
[34m[1mmvn version[0m
Apache Maven 3.6.3 (cecedd343002696d0abb50b32b541b8a6ba2883f)
[34m[1mgradle version[0m
Gradle 5.1.1!
[34m[1mlein version[0m
Leiningen 2.9.5 on Java 11.0.2 OpenJDK 64-Bit Server VM
[34m[1mPre-installed Node.js versions[0m
v10.16.0
v10.23.0
v11.15.0
v12.13.1
v12.20.0
v13.3.0
v14.15.3
v4.9.1
v6.17.1
v8.16.2
v8.17.0
v8.9
[34m[1mphpenv versions[0m
  system
  7.1
  7.1.33
  7.2
* 7.2.27 (set by /home/travis/.phpenv/version)
  7.3
  7.3.14
  7.4
  7.4.2
  hhvm
  hhvm-stable
[34m[1mcomposer --version[0m
Composer version 1.9.2 2020-01-14 16:30:31
[34m[1mPre-installed Ruby versions[0m
ruby-2.4.9
ruby-2.5.3
ruby-2.5.7
ruby-2.6.5
ruby-2.7.0
travis_fold:end:system_info[0K
travis_time:end:05f25721:start=1609864785012710095,finish=1609864785024563410,duration=11853315,event=show_system_info[0Ktravis_time:start:080aa3dc[0Ktravis_time:end:080aa3dc:start=1609864785027528464,finish=1609864785040206575,duration=12678111,event=rm_riak_source[0Ktravis_time:start:01bbd59a[0Ktravis_time:end:01bbd59a:start=1609864785043393459,finish=1609864785049042296,duration=5648837,event=fix_rwky_redis[0Ktravis_time:start:0bdfc8aa[0Ktravis_time:end:0bdfc8aa:start=1609864785052297828,finish=1609864785759071903,duration=706774075,event=wait_for_network[0Ktravis_time:start:0bab6070[0Ktravis_time:end:0bab6070:start=1609864785763093694,finish=1609864785997559062,duration=234465368,event=update_apt_keys[0Ktravis_time:start:0141fd8e[0Ktravis_time:end:0141fd8e:start=1609864786001839225,finish=1609864786050930076,duration=49090851,event=fix_hhvm_source[0Ktravis_time:start:1e0edcb4[0Ktravis_time:end:1e0edcb4:start=1609864786054094621,finish=1609864786056888496,duration=2793875,event=update_mongo_arch[0Ktravis_time:start:00e98b44[0Ktravis_time:end:00e98b44:start=1609864786059988267,finish=1609864786098301132,duration=38312865,event=fix_sudo_enabled_trusty[0Ktravis_time:start:07574c77[0Ktravis_time:end:07574c77:start=1609864786101686464,finish=1609864786103614353,duration=1927889,event=update_glibc[0Ktravis_time:start:16535726[0Ktravis_time:end:16535726:start=1609864786106948966,finish=1609864786114346103,duration=7397137,event=clean_up_path[0Ktravis_time:start:1241563d[0Ktravis_time:end:1241563d:start=1609864786118335369,finish=1609864786126513451,duration=8178082,event=fix_resolv_conf[0Ktravis_time:start:083e6d9a[0Ktravis_time:end:083e6d9a:start=1609864786130677384,finish=1609864786152655768,duration=21978384,event=fix_etc_hosts[0Ktravis_time:start:1645fb8a[0Ktravis_time:end:1645fb8a:start=1609864786156479910,finish=1609864786163558042,duration=7078132,event=fix_mvn_settings_xml[0Ktravis_time:start:0a877f0a[0Ktravis_time:end:0a877f0a:start=1609864786168693908,finish=1609864786176940640,duration=8246732,event=no_ipv6_localhost[0Ktravis_time:start:0d58956a[0Ktravis_time:end:0d58956a:start=1609864786180899281,finish=1609864786183300137,duration=2400856,event=fix_etc_mavenrc[0Ktravis_time:start:071559c6[0Ktravis_time:end:071559c6:start=1609864786186351499,finish=1609864786189238655,duration=2887156,event=fix_wwdr_certificate[0Ktravis_time:start:02f0b4bb[0Ktravis_time:end:02f0b4bb:start=1609864786193197583,finish=1609864786235084507,duration=41886924,event=put_localhost_first[0Ktravis_time:start:231756de[0Ktravis_time:end:231756de:start=1609864786239109439,finish=1609864786241696316,duration=2586877,event=home_paths[0Ktravis_time:start:2ab14ca0[0Ktravis_time:end:2ab14ca0:start=1609864786245217912,finish=1609864786256421356,duration=11203444,event=disable_initramfs[0Ktravis_time:start:0d0dd2f4[0Ktravis_time:end:0d0dd2f4:start=1609864786260310598,finish=1609864786388924396,duration=128613798,event=disable_ssh_roaming[0Ktravis_time:start:0df2c8a0[0Ktravis_time:end:0df2c8a0:start=1609864786392778364,finish=1609864786395876751,duration=3098387,event=debug_tools[0Ktravis_time:start:1ea6590c[0Ktravis_time:end:1ea6590c:start=1609864786400398029,finish=1609864786403740621,duration=3342592,event=uninstall_oclint[0Ktravis_time:start:12e59c60[0Ktravis_time:end:12e59c60:start=1609864786408477790,finish=1609864786411714941,duration=3237151,event=rvm_use[0Ktravis_time:start:020fddb0[0Ktravis_time:end:020fddb0:start=1609864786416408652,finish=1609864786423960160,duration=7551508,event=rm_etc_boto_cfg[0Ktravis_time:start:06e26ed8[0Ktravis_time:end:06e26ed8:start=1609864786428581481,finish=1609864786430694945,duration=2113464,event=rm_oraclejdk8_symlink[0Ktravis_time:start:08ea9efb[0Ktravis_time:end:08ea9efb:start=1609864786435359494,finish=1609864786519010756,duration=83651262,event=enable_i386[0Ktravis_time:start:1e930ca2[0Ktravis_time:end:1e930ca2:start=1609864786523053494,finish=1609864786526942458,duration=3888964,event=update_rubygems[0Ktravis_time:start:1142b004[0Ktravis_time:end:1142b004:start=1609864786532688987,finish=1609864787419694824,duration=887005837,event=ensure_path_components[0Ktravis_time:start:069efeb0[0Ktravis_time:end:069efeb0:start=1609864787424457898,finish=1609864787426562384,duration=2104486,event=redefine_curl[0Ktravis_time:start:019b8b3e[0Ktravis_time:end:019b8b3e:start=1609864787430105385,finish=1609864787507413103,duration=77307718,event=nonblock_pipe[0Ktravis_time:start:1ac422ed[0Ktravis_time:end:1ac422ed:start=1609864787511120293,finish=1609864793541913654,duration=6030793361,event=apt_get_update[0Ktravis_time:start:1d346959[0Ktravis_time:end:1d346959:start=1609864793545403849,finish=1609864793547808049,duration=2404200,event=deprecate_xcode_64[0Ktravis_time:start:20d28f28[0Ktravis_time:end:20d28f28:start=1609864793551016420,finish=1609864796277583181,duration=2726566761,event=update_heroku[0Ktravis_time:start:18eea31e[0Ktravis_time:end:18eea31e:start=1609864796281808385,finish=1609864796283930710,duration=2122325,event=shell_session_update[0Ktravis_time:start:0833ea70[0Ktravis_fold:start:docker_mtu_and_registry_mirrors[0Ktravis_fold:end:docker_mtu_and_registry_mirrors[0Ktravis_time:end:0833ea70:start=1609864796287935681,finish=1609864798624451496,duration=2336515815,event=set_docker_mtu_and_registry_mirrors[0Ktravis_time:start:1b5fc4cb[0Ktravis_fold:start:resolvconf[0Ktravis_fold:end:resolvconf[0Ktravis_time:end:1b5fc4cb:start=1609864798632314733,finish=1609864798697573767,duration=65259034,event=resolvconf[0Ktravis_time:start:0130b608[0Ktravis_time:end:0130b608:start=1609864798704406697,finish=1609864798853320394,duration=148913697,event=maven_central_mirror[0Ktravis_time:start:13d9764c[0Ktravis_time:end:13d9764c:start=1609864798858530669,finish=1609864798951273621,duration=92742952,event=maven_https[0Ktravis_time:start:00f08ab4[0Ktravis_fold:start:services[0Ktravis_time:start:189cc300[0K$ sudo systemctl start docker
travis_time:end:189cc300:start=1609864798962916122,finish=1609864798976602048,duration=13685926,event=prepare[0Ktravis_fold:end:services[0Ktravis_time:end:189cc300:start=1609864798962916122,finish=1609864801983301471,duration=3020385349,event=services[0Ktravis_time:start:0164d8f4[0Ktravis_time:end:0164d8f4:start=1609864801987946494,finish=1609864801990384010,duration=2437516,event=fix_ps4[0Ktravis_time:start:026f968e[0K
travis_fold:start:git.checkout[0Ktravis_time:start:13a55f0b[0K$ git clone --depth=50 --branch=develop https://github.com/precice/systemtests.git precice/systemtests
Cloning into 'precice/systemtests'...
travis_time:end:13a55f0b:start=1609864801997673621,finish=1609864809134804993,duration=7137131372,event=checkout[0K$ cd precice/systemtests
$ git checkout -qf d39f4d89d69f18c9de9f8bd1f08633a68bcda9a2
travis_fold:end:git.checkout[0K
travis_time:end:13a55f0b:start=1609864801997673621,finish=1609864809391336005,duration=7393662384,event=checkout[0Ktravis_time:start:0ca13b5c[0K
[33;1mSetting environment variables from repository settings[0m
$ export DOCKER_PASSWORD=[secure]
$ export PRECICE_BOT_EMAIL=[secure]
$ export GH_TOKEN=[secure]
$ export DOCKER_USERNAME=precice
$ export TRAVIS_ACCESS_TOKEN=[secure]

travis_time:end:0ca13b5c:start=1609864809395468472,finish=1609864809404493028,duration=9024556,event=env[0Ktravis_time:start:33da23b0[0K$ source ~/virtualenv/python3.8/bin/activate
travis_time:end:33da23b0:start=1609864809408423734,finish=1609864809414286687,duration=5862953,event=[0K$ python --version
Python 3.8.1
$ pip --version
pip 20.3.3 from /home/travis/virtualenv/python3.8.1/lib/python3.8/site-packages/pip (python 3.8)
travis_fold:start:install[0Ktravis_time:start:217f8023[0K$ pip install Jinja2
Collecting Jinja2
  Downloading Jinja2-2.11.2-py2.py3-none-any.whl (125 kB)
Collecting MarkupSafe>=0.23
  Downloading MarkupSafe-1.1.1-cp38-cp38-manylinux1_x86_64.whl (32 kB)
Installing collected packages: MarkupSafe, Jinja2
Successfully installed Jinja2-2.11.2 MarkupSafe-1.1.1
travis_time:end:217f8023:start=1609864809775223730,finish=1609864810792846864,duration=1017623134,event=install[0Ktravis_fold:end:install[0Ktravis_time:start:2523b11a[0K$ python system_testing.py -s dealii-of_3D -v
Total reclaimed space: 0B
networks:
  precicecomm: {}
services:
  dealii-adapter:
    command: '/bin/bash -c " ln -sf configs/* . && sed -i ''s/\(set Solver type *\)=
      Direct/\1 = CG/gp'' /home/precice/Data/Input/linear_elasticity.prm && ./linear_elasticity/linear_elasticity
      /home/precice/Data/Input/linear_elasticity.prm && mkdir /home/precice/Data/Output/Fluid
      && cp -r precice-output *.log /home/precice/Data/Output/Fluid"

      '
    container_name: dealii-adapter
    depends_on:
    - openfoam-adapter
    - tutorial-data
    image: precice/dealii-adapter_3d-ubuntu1804.package-develop:latest
    networks:
      precicecomm: null
    volumes:
    - exchange:/home/precice/Data/Exchange:rw
    - input_dealii:/home/precice/Data/Input:rw
    - configs:/home/precice/dealii-adapter/configs:rw
    - output:/home/precice/Data/Output:rw
  openfoam-adapter:
    command: '/bin/bash -c "source /usr/lib/openfoam/openfoam2006/etc/bashrc && ln
      -sf configs/* . && blockMesh -case /home/precice/Data/Input && checkMesh -case
      /home/precice/Data/Input && pimpleFoam -case /home/precice/Data/Input && mkdir
      /home/precice/Data/Output/Solid && cp -r precice-output *.log /home/precice/Data/Output/Solid"

      '
    container_name: openfoam-adapter
    depends_on:
    - tutorial-data
    image: precice/openfoam-adapter-ubuntu1804.package-develop:latest
    networks:
      precicecomm: null
    volumes:
    - exchange:/home/precice/Data/Exchange:rw
    - input_of:/home/precice/Data/Input:rw
    - configs:/home/precice/openfoam-adapter/configs:rw
    - output:/home/precice/Data/Output:rw
  tutorial-data:
    build:
      context: /home/travis/build/precice/systemtests/tests/TestCompose_dealii-of_3D
      dockerfile: Dockerfile.tutorial_data
    container_name: tutorial-data
    volumes:
    - input_of:/tutorials/FSI/flap_perp/OpenFOAM-deal.II/Fluid:rw
    - input_dealii:/tutorials/FSI/flap_perp/OpenFOAM-deal.II/Solid:rw
    - configs:/configs:rw
    - output:/Output:rw
version: '3.0'
volumes:
  configs: {}
  exchange: {}
  input_dealii: {}
  input_of: {}
  output: {}

Creating network "testcompose_dealii-of_3d_default" with the default driver
Creating network "testcompose_dealii-of_3d_precicecomm" with the default driver
Creating volume "testcompose_dealii-of_3d_exchange" with default driver
Creating volume "testcompose_dealii-of_3d_input_dealii" with default driver
Creating volume "testcompose_dealii-of_3d_input_of" with default driver
Creating volume "testcompose_dealii-of_3d_output" with default driver
Creating volume "testcompose_dealii-of_3d_configs" with default driver
Building tutorial-data
Step 1/11 : from alpine
latest: Pulling from library/alpine
Digest: sha256:3c7497bf0c7af93428242d6176e8f7905f2201d8fc5861f45be7a346b5f23436
Status: Downloaded newer image for alpine:latest
 ---> 389fef711851
Step 2/11 : ENV tutorial_path tutorials/FSI/flap_perp/OpenFOAM-deal.II
 ---> Running in 6a681258c90e
Removing intermediate container 6a681258c90e
 ---> 3d834b9adeb4
Step 3/11 : RUN apk add git
 ---> Running in 2774d3a0bad5
fetch http://dl-cdn.alpinelinux.org/alpine/v3.12/main/x86_64/APKINDEX.tar.gz
fetch http://dl-cdn.alpinelinux.org/alpine/v3.12/community/x86_64/APKINDEX.tar.gz
(1/6) Installing ca-certificates (20191127-r4)
(2/6) Installing nghttp2-libs (1.41.0-r0)
(3/6) Installing libcurl (7.69.1-r3)
(4/6) Installing expat (2.2.9-r1)
(5/6) Installing pcre2 (10.35-r0)
(6/6) Installing git (2.26.2-r0)
Executing busybox-1.31.1-r19.trigger
Executing ca-certificates-20191127-r4.trigger
OK: 22 MiB in 20 packages
Removing intermediate container 2774d3a0bad5
 ---> b7d2366e26af
Step 4/11 : ARG branch=develop
 ---> Running in 097f2776b516
Removing intermediate container 097f2776b516
 ---> 4a5bd37dab49
Step 5/11 : RUN git clone --depth 1 --branch $branch https://github.com/precice/tutorials
 ---> Running in 40ecfd960ecf
[91mCloning into 'tutorials'...
[0mRemoving intermediate container 40ecfd960ecf
 ---> 917aaa8cc13f
Step 6/11 : RUN mkdir configs &&     sed -e 's|m2n:sockets from="Fluid" to="Solid"|m2n:sockets from="Fluid" to="Solid" exchange-directory="/home/precice/Data/Exchange/" network="eth0"|g;     s|max-time value="5"|max-time value="1"|g;     s|\(\s\+\)\(</participant>\)|\1   <export:vtk directory="precice-output" />\n\1\2|g'  		$tutorial_path/precice-config.xml > configs/precice-config.xml
 ---> Running in 12586bbcc0bd
Removing intermediate container 12586bbcc0bd
 ---> e18bc6db199e
Step 7/11 : RUN rm $tutorial_path/precice-config.xml
 ---> Running in 64050e225a7f
Removing intermediate container 64050e225a7f
 ---> 5e9d23bbae2d
Step 8/11 : RUN rm -rfv $tutorial_path/Fluid/0/
 ---> Running in 487e642a770b
removed 'tutorials/FSI/flap_perp/OpenFOAM-deal.II/Fluid/0/phi'
removed 'tutorials/FSI/flap_perp/OpenFOAM-deal.II/Fluid/0/U'
removed 'tutorials/FSI/flap_perp/OpenFOAM-deal.II/Fluid/0/pointDisplacement'
removed 'tutorials/FSI/flap_perp/OpenFOAM-deal.II/Fluid/0/p'
removed directory: 'tutorials/FSI/flap_perp/OpenFOAM-deal.II/Fluid/0'
Removing intermediate container 487e642a770b
 ---> 915b4b713039
Step 9/11 : RUN cp -r $tutorial_path/Fluid/0.orig/ $tutorial_path/Fluid/0/
 ---> Running in 9f5e33bfacc6
Removing intermediate container 9f5e33bfacc6
 ---> 6ea51b498e03
Step 10/11 : RUN addgroup -g 1000 precice && adduser -u 1000 -G precice -D precice && chown -R precice:precice tutorials configs
 ---> Running in 7cd8a4627d34
Removing intermediate container 7cd8a4627d34
 ---> a5feb213f028
Step 11/11 : USER precice
 ---> Running in cec2fc44aadd
Removing intermediate container cec2fc44aadd
 ---> e62bed30d524
Successfully built e62bed30d524
Successfully tagged testcompose_dealii-of_3d_tutorial-data:latest
Image for service tutorial-data was built because it did not already exist. To rebuild this image you must use `docker-compose build` or `docker-compose up --build`.
Pulling openfoam-adapter (precice/openfoam-adapter-ubuntu1804.package-develop:latest)...
latest: Pulling from precice/openfoam-adapter-ubuntu1804.package-develop
toomanyrequests: You have reached your pull rate limit. You may increase the limit by authenticating and upgrading: https://www.docker.com/increase-rate-limit
EXECUTING: docker container prune -f; export PRECICE_BASE=-ubuntu1804.package-develop; mkdir Logs; docker-compose config && bash ../../silent_compose.sh debug
TEST FAILED WITH: Command 'docker container prune -f; export PRECICE_BASE=-ubuntu1804.package-develop; mkdir Logs; docker-compose config && bash ../../silent_compose.sh debug' returned non-zero exit status 1.
Traceback (most recent call last):
  File "system_testing.py", line 117, in run_compose
    ccall(command)
  File "/home/travis/build/precice/systemtests/common.py", line 11, in ccall
    return call(cmd, check = True, **kwargs)
  File "/home/travis/build/precice/systemtests/common.py", line 6, in call
    cp = subprocess.run(cmd, shell=True, **kwargs)
  File "/opt/python/3.8.1/lib/python3.8/subprocess.py", line 512, in run
    raise CalledProcessError(retcode, process.args,
subprocess.CalledProcessError: Command 'docker container prune -f; export PRECICE_BASE=-ubuntu1804.package-develop; mkdir Logs; docker-compose config && bash ../../silent_compose.sh debug' returned non-zero exit status 1.

During handling of the above exception, another exception occurred:

Traceback (most recent call last):
  File "system_testing.py", line 305, in <module>
    build_run_compare(test, tag, args.branch.lower(), args.local,
  File "system_testing.py", line 227, in build_run_compare
    run_compose(test, branch, local_precice, tag, force_rebuild, rm_all, verbose)
  File "system_testing.py", line 141, in run_compose
    raise STRunException()
__main__.STRunException: TEST FAILED - An error occured while running the test!
travis_time:end:2523b11a:start=1609864810799725411,finish=1609864872651464391,duration=61851738980,event=script[0K[31;1mThe command "python system_testing.py -s dealii-of_3D -v" exited with 1.[0m
travis_time:start:0d22ab3a[0K$ python push.py
Cloning into 'precice_st_output'...
Updating files:  14% (5998/40740)Updating files:  15% (6111/40740)Updating files:  16% (6519/40740)Updating files:  17% (6926/40740)Updating files:  18% (7334/40740)Updating files:  19% (7741/40740)Updating files:  20% (8148/40740)Updating files:  21% (8556/40740)Updating files:  22% (8963/40740)Updating files:  23% (9371/40740)Updating files:  24% (9778/40740)Updating files:  25% (10185/40740)Updating files:  26% (10593/40740)Updating files:  27% (11000/40740)Updating files:  28% (11408/40740)Updating files:  29% (11815/40740)Updating files:  30% (12222/40740)Updating files:  31% (12630/40740)Updating files:  31% (12877/40740)Updating files:  32% (13037/40740)Updating files:  33% (13445/40740)Updating files:  34% (13852/40740)Updating files:  35% (14259/40740)Updating files:  36% (14667/40740)Updating files:  37% (15074/40740)Updating files:  38% (15482/40740)Updating files:  39% (15889/40740)Updating files:  40% (16296/40740)Updating files:  41% (16704/40740)Updating files:  42% (17111/40740)Updating files:  43% (17519/40740)Updating files:  44% (17926/40740)Updating files:  45% (18333/40740)Updating files:  46% (18741/40740)Updating files:  46% (18765/40740)Updating files:  47% (19148/40740)Updating files:  48% (19556/40740)Updating files:  49% (19963/40740)Updating files:  50% (20370/40740)Updating files:  51% (20778/40740)Updating files:  52% (21185/40740)Updating files:  53% (21593/40740)Updating files:  54% (22000/40740)Updating files:  55% (22407/40740)Updating files:  56% (22815/40740)Updating files:  57% (23222/40740)Updating files:  58% (23630/40740)Updating files:  58% (23896/40740)Updating files:  59% (24037/40740)Updating files:  60% (24444/40740)Updating files:  61% (24852/40740)Updating files:  62% (25259/40740)Updating files:  63% (25667/40740)Updating files:  64% (26074/40740)Updating files:  65% (26481/40740)Updating files:  66% (26889/40740)Updating files:  67% (27296/40740)Updating files:  68% (27704/40740)Updating files:  69% (28111/40740)Updating files:  70% (28518/40740)Updating files:  70% (28538/40740)Updating files:  71% (28926/40740)Updating files:  71% (29258/40740)Updating files:  72% (29333/40740)Updating files:  73% (29741/40740)Updating files:  73% (29985/40740)Updating files:  74% (30148/40740)Updating files:  75% (30555/40740)Updating files:  76% (30963/40740)Updating files:  77% (31370/40740)Updating files:  78% (31778/40740)Updating files:  79% (32185/40740)Updating files:  80% (32592/40740)Updating files:  81% (33000/40740)Updating files:  82% (33407/40740)Updating files:  82% (33522/40740)Updating files:  83% (33815/40740)Updating files:  84% (34222/40740)Updating files:  84% (34360/40740)Updating files:  85% (34629/40740)Updating files:  85% (34704/40740)Updating files:  85% (34882/40740)Updating files:  86% (35037/40740)Updating files:  86% (35060/40740)Updating files:  86% (35103/40740)Updating files:  86% (35187/40740)Updating files:  86% (35259/40740)Updating files:  86% (35331/40740)Updating files:  86% (35366/40740)Updating files:  86% (35441/40740)Updating files:  87% (35444/40740)Updating files:  87% (35518/40740)Updating files:  87% (35555/40740)Updating files:  87% (35556/40740)Updating files:  87% (35748/40740)Updating files:  87% (35787/40740)Updating files:  88% (35852/40740)Updating files:  88% (35867/40740)Updating files:  88% (35945/40740)Updating files:  88% (35975/40740)Updating files:  88% (36063/40740)Updating files:  88% (36137/40740)Updating files:  88% (36213/40740)Updating files:  89% (36259/40740)Updating files:  89% (36285/40740)Updating files:  89% (36370/40740)Updating files:  89% (36412/40740)Updating files:  89% (36499/40740)Updating files:  89% (36570/40740)Updating files:  89% (36643/40740)Updating files:  90% (36666/40740)Updating files:  90% (36691/40740)Updating files:  90% (36812/40740)Updating files:  90% (36867/40740)Updating files:  90% (36942/40740)Updating files:  90% (37029/40740)Updating files:  90% (37030/40740)Updating files:  91% (37074/40740)Updating files:  91% (37098/40740)Updating files:  91% (37211/40740)Updating files:  91% (37297/40740)Updating files:  91% (37385/40740)Updating files:  91% (37386/40740)Updating files:  91% (37467/40740)Updating files:  92% (37481/40740)Updating files:  92% (37612/40740)Updating files:  92% (37710/40740)Updating files:  92% (37816/40740)Updating files:  93% (37889/40740)Updating files:  93% (37939/40740)Updating files:  93% (38023/40740)Updating files:  93% (38104/40740)Updating files:  94% (38296/40740)Updating files:  95% (38703/40740)Updating files:  96% (39111/40740)Updating files:  96% (39259/40740)Updating files:  96% (39346/40740)Updating files:  96% (39501/40740)Updating files:  97% (39518/40740)Updating files:  97% (39588/40740)Updating files:  97% (39633/40740)Updating files:  97% (39719/40740)Updating files:  97% (39804/40740)Updating files:  97% (39805/40740)Updating files:  97% (39891/40740)Updating files:  98% (39926/40740)Updating files:  98% (39986/40740)Updating files:  98% (40116/40740)Updating files:  98% (40230/40740)Updating files:  98% (40325/40740)Updating files:  99% (40333/40740)Updating files:  99% (40409/40740)Updating files:  99% (40496/40740)Updating files:  99% (40581/40740)