travis_fold:start:worker_info[0K[33;1mWorker information[0m
hostname: 2e5e30c6-235c-4525-b38b-f4099ae81fce@1.worker-com-oss-6955bf87c5-99b5m.gce-production-3
version: 6.2.22 https://github.com/travis-ci/worker/tree/858cb91994a513269f2fe9782c15fc113e966231
instance: travis-job-044bc6c5-7634-425f-b905-009438f60c23 travis-ci-ubuntu-1804-1609168422-6c7eba12 (via amqp)
startup: 6.172375688s
travis_fold:end:worker_info[0Ktravis_time:start:162d405e[0Ktravis_time:end:162d405e:start=1618438079006587452,finish=1618438079182147043,duration=175559591,event=no_world_writable_dirs[0Ktravis_time:start:131afd38[0Ktravis_time:end:131afd38:start=1618438079185288124,finish=1618438079188644639,duration=3356515,event=setup_filter[0Ktravis_time:start:0e32ea23[0Ktravis_time:end:0e32ea23:start=1618438079192440585,finish=1618438079200910649,duration=8470064,event=agent[0Ktravis_time:start:09da3e23[0Ktravis_time:end:09da3e23:start=1618438079203405543,finish=1618438079205549308,duration=2143765,event=check_unsupported[0Ktravis_time:start:376663e0[0Ktravis_fold:start:system_info[0K[33;1mBuild system information[0m
Build language: python
Build group: stable
Build dist: bionic
Build id: 223107039
Job id: 498602973
Runtime kernel version: 5.4.0-1032-gcp
travis-build version: 091d532a
[34m[1mBuild image provisioning date and time[0m
Mon Dec 28 15:53:02 UTC 2020
[34m[1mOperating System Details[0m
Distributor ID:	Ubuntu
Description:	Ubuntu 18.04.5 LTS
Release:	18.04
Codename:	bionic
[34m[1mSystemd Version[0m
systemd 237
[34m[1mCookbooks Version[0m
10a7b34 https://github.com/travis-ci/travis-cookbooks/tree/10a7b34
[34m[1mgit version[0m
git version 2.29.2
[34m[1mbash version[0m
GNU bash, version 4.4.20(1)-release (x86_64-pc-linux-gnu)
[34m[1mgcc version[0m
gcc (Ubuntu 7.5.0-3ubuntu1~18.04) 7.5.0
[34m[1mdocker version[0m
Client:
 Version:           18.06.0-ce
 API version:       1.38
 Go version:        go1.10.3
 Git commit:        0ffa825
 Built:             Wed Jul 18 19:09:54 2018
 OS/Arch:           linux/amd64
 Experimental:      false

Server:
 Engine:
  Version:          18.06.0-ce
  API version:      1.38 (minimum version 1.12)
  Go version:       go1.10.3
  Git commit:       0ffa825
  Built:            Wed Jul 18 19:07:56 2018
  OS/Arch:          linux/amd64
  Experimental:     false
[34m[1mclang version[0m
clang version 7.0.0 (tags/RELEASE_700/final)
[34m[1mjq version[0m
jq-1.5
[34m[1mbats version[0m
Bats 0.4.0
[34m[1mshellcheck version[0m
0.7.0
[34m[1mshfmt version[0m
v3.2.1
[34m[1mccache version[0m
3.4.1
[34m[1mcmake version[0m
cmake version 3.12.4
[34m[1mheroku version[0m
heroku/7.47.6 linux-x64 node-v12.16.2
[34m[1mimagemagick version[0m
Version: ImageMagick 6.9.7-4 Q16 x86_64 20170114 http://www.imagemagick.org
[34m[1mmd5deep version[0m
4.4
[34m[1mmercurial version[0m
version 4.8
[34m[1mmysql version[0m
mysql  Ver 14.14 Distrib 5.7.32, for Linux (x86_64) using  EditLine wrapper
[34m[1mopenssl version[0m
OpenSSL 1.1.1  11 Sep 2018
[34m[1mpacker version[0m
1.3.3
[34m[1mpostgresql client version[0m
psql (PostgreSQL) 11.10 (Ubuntu 11.10-1.pgdg18.04+1)
[34m[1mragel version[0m
Ragel State Machine Compiler version 6.10 March 2017
[34m[1msudo version[0m
1.8.21p2
[34m[1mgzip version[0m
gzip 1.6
[34m[1mzip version[0m
Zip 3.0
[34m[1mvim version[0m
VIM - Vi IMproved 8.0 (2016 Sep 12, compiled Oct 13 2020 15:49:09)
[34m[1miptables version[0m
iptables v1.6.1
[34m[1mcurl version[0m
curl 7.58.0 (x86_64-pc-linux-gnu) libcurl/7.58.0 OpenSSL/1.1.1 zlib/1.2.11 libidn2/2.0.4 libpsl/0.19.1 (+libidn2/2.0.4) nghttp2/1.30.0 librtmp/2.3
[34m[1mwget version[0m
GNU Wget 1.19.4 built on linux-gnu.
[34m[1mrsync version[0m
rsync  version 3.1.2  protocol version 31
[34m[1mgimme version[0m
v1.5.4
[34m[1mnvm version[0m
0.37.2
[34m[1mperlbrew version[0m
/home/travis/perl5/perlbrew/bin/perlbrew  - App::perlbrew/0.88
[34m[1mphpenv version[0m
rbenv 1.1.2-40-g62d7798
[34m[1mrvm version[0m
rvm 1.29.10 (latest) by Michal Papis, Piotr Kuczynski, Wayne E. Seguin [https://rvm.io]
[34m[1mdefault ruby version[0m
ruby 2.6.5p114 (2019-10-01 revision 67812) [x86_64-linux]
[34m[1mElasticSearch version[0m
5.5.0
[34m[1mInstalled Firefox version[0m
firefox 63.0.1
[34m[1mMongoDB version[0m
MongoDB 4.0.22
[34m[1mPhantomJS version[0m
2.1.1
[34m[1mPre-installed PostgreSQL versions[0m
9.3.25
9.4.26
9.5.24
9.6.20
[34m[1mRedis version[0m
redis-server 6.0.6
[34m[1mPre-installed Go versions[0m
1.11.1
[34m[1mant version[0m
Apache Ant(TM) version 1.10.5 compiled on March 28 2019
[34m[1mmvn version[0m
Apache Maven 3.6.3 (cecedd343002696d0abb50b32b541b8a6ba2883f)
[34m[1mgradle version[0m
Gradle 5.1.1!
[34m[1mlein version[0m
Leiningen 2.9.5 on Java 11.0.2 OpenJDK 64-Bit Server VM
[34m[1mPre-installed Node.js versions[0m
v10.16.0
v10.23.0
v11.15.0
v12.13.1
v12.20.0
v13.3.0
v14.15.3
v4.9.1
v6.17.1
v8.16.2
v8.17.0
v8.9
[34m[1mphpenv versions[0m
  system
  7.1
  7.1.33
  7.2
* 7.2.27 (set by /home/travis/.phpenv/version)
  7.3
  7.3.14
  7.4
  7.4.2
  hhvm
  hhvm-stable
[34m[1mcomposer --version[0m
Composer version 1.9.2 2020-01-14 16:30:31
[34m[1mPre-installed Ruby versions[0m
ruby-2.4.9
ruby-2.5.3
ruby-2.5.7
ruby-2.6.5
ruby-2.7.0
travis_fold:end:system_info[0K
travis_time:end:376663e0:start=1618438079207977464,finish=1618438079213558075,duration=5580611,event=show_system_info[0Ktravis_time:start:02b57398[0Ktravis_time:end:02b57398:start=1618438079216096403,finish=1618438079231224790,duration=15128387,event=rm_riak_source[0Ktravis_time:start:1b6aef0c[0Ktravis_time:end:1b6aef0c:start=1618438079233890022,finish=1618438079238486993,duration=4596971,event=fix_rwky_redis[0Ktravis_time:start:00fa5186[0Ktravis_time:end:00fa5186:start=1618438079242217469,finish=1618438079834223540,duration=592006071,event=wait_for_network[0Ktravis_time:start:033c9530[0Ktravis_time:end:033c9530:start=1618438079840109666,finish=1618438080078857666,duration=238748000,event=update_apt_keys[0Ktravis_time:start:0112a668[0Ktravis_time:end:0112a668:start=1618438080082732803,finish=1618438080133693630,duration=50960827,event=fix_hhvm_source[0Ktravis_time:start:1c471c0a[0Ktravis_time:end:1c471c0a:start=1618438080138563329,finish=1618438080141351242,duration=2787913,event=update_mongo_arch[0Ktravis_time:start:0dd6cf2e[0Ktravis_time:end:0dd6cf2e:start=1618438080146854664,finish=1618438080195764031,duration=48909367,event=fix_sudo_enabled_trusty[0Ktravis_time:start:0d86ee83[0Ktravis_time:end:0d86ee83:start=1618438080203393074,finish=1618438080206200296,duration=2807222,event=update_glibc[0Ktravis_time:start:0f19f290[0Ktravis_time:end:0f19f290:start=1618438080211738131,finish=1618438080221590070,duration=9851939,event=clean_up_path[0Ktravis_time:start:0cb5717b[0Ktravis_time:end:0cb5717b:start=1618438080226039392,finish=1618438080234829383,duration=8789991,event=fix_resolv_conf[0Ktravis_time:start:09b0a840[0Ktravis_time:end:09b0a840:start=1618438080239683317,finish=1618438080268086929,duration=28403612,event=fix_etc_hosts[0Ktravis_time:start:0a144a0d[0Ktravis_time:end:0a144a0d:start=1618438080274752174,finish=1618438080283821193,duration=9069019,event=fix_mvn_settings_xml[0Ktravis_time:start:110bd92d[0Ktravis_time:end:110bd92d:start=1618438080288967670,finish=1618438080299466304,duration=10498634,event=no_ipv6_localhost[0Ktravis_time:start:05e94f94[0Ktravis_time:end:05e94f94:start=1618438080305036300,finish=1618438080307894870,duration=2858570,event=fix_etc_mavenrc[0Ktravis_time:start:0c3f1bf1[0Ktravis_time:end:0c3f1bf1:start=1618438080313192925,finish=1618438080316331527,duration=3138602,event=fix_wwdr_certificate[0Ktravis_time:start:1e855888[0Ktravis_time:end:1e855888:start=1618438080322026751,finish=1618438080367990908,duration=45964157,event=put_localhost_first[0Ktravis_time:start:14a10b12[0Ktravis_time:end:14a10b12:start=1618438080373707402,finish=1618438080377228385,duration=3520983,event=home_paths[0Ktravis_time:start:0818292f[0Ktravis_time:end:0818292f:start=1618438080383805083,finish=1618438080396068754,duration=12263671,event=disable_initramfs[0Ktravis_time:start:05be73ec[0Ktravis_time:end:05be73ec:start=1618438080401470025,finish=1618438080534048000,duration=132577975,event=disable_ssh_roaming[0Ktravis_time:start:01c788a8[0Ktravis_time:end:01c788a8:start=1618438080539031478,finish=1618438080541608456,duration=2576978,event=debug_tools[0Ktravis_time:start:13bac6e0[0Ktravis_time:end:13bac6e0:start=1618438080546714647,finish=1618438080549934624,duration=3219977,event=uninstall_oclint[0Ktravis_time:start:34d9a88e[0Ktravis_time:end:34d9a88e:start=1618438080555546353,finish=1618438080558807103,duration=3260750,event=rvm_use[0Ktravis_time:start:00119e92[0Ktravis_time:end:00119e92:start=1618438080564047377,finish=1618438080571716465,duration=7669088,event=rm_etc_boto_cfg[0Ktravis_time:start:098fb680[0Ktravis_time:end:098fb680:start=1618438080575462608,finish=1618438080577983704,duration=2521096,event=rm_oraclejdk8_symlink[0Ktravis_time:start:0277cd1a[0Ktravis_time:end:0277cd1a:start=1618438080581938011,finish=1618438080668773658,duration=86835647,event=enable_i386[0Ktravis_time:start:34c2cee4[0Ktravis_time:end:34c2cee4:start=1618438080674083097,finish=1618438080677517079,duration=3433982,event=update_rubygems[0Ktravis_time:start:03937140[0Ktravis_time:end:03937140:start=1618438080682381281,finish=1618438081620607119,duration=938225838,event=ensure_path_components[0Ktravis_time:start:074bad65[0Ktravis_time:end:074bad65:start=1618438081624630930,finish=1618438081627381004,duration=2750074,event=redefine_curl[0Ktravis_time:start:0c045b13[0Ktravis_time:end:0c045b13:start=1618438081633777115,finish=1618438081725654292,duration=91877177,event=nonblock_pipe[0Ktravis_time:start:2a6e7087[0Ktravis_time:end:2a6e7087:start=1618438081730014009,finish=1618438087765098706,duration=6035084697,event=apt_get_update[0Ktravis_time:start:1da9ae90[0Ktravis_time:end:1da9ae90:start=1618438087769298371,finish=1618438087771416887,duration=2118516,event=deprecate_xcode_64[0Ktravis_time:start:01cb7806[0Ktravis_time:end:01cb7806:start=1618438087775760106,finish=1618438090720601639,duration=2944841533,event=update_heroku[0Ktravis_time:start:024ed4aa[0Ktravis_time:end:024ed4aa:start=1618438090725292322,finish=1618438090727593581,duration=2301259,event=shell_session_update[0Ktravis_time:start:20a197ba[0Ktravis_fold:start:docker_mtu_and_registry_mirrors[0Ktravis_fold:end:docker_mtu_and_registry_mirrors[0Ktravis_time:end:20a197ba:start=1618438090732479395,finish=1618438093119138953,duration=2386659558,event=set_docker_mtu_and_registry_mirrors[0Ktravis_time:start:0038eb81[0Ktravis_fold:start:resolvconf[0Ktravis_fold:end:resolvconf[0Ktravis_time:end:0038eb81:start=1618438093124177792,finish=1618438093190747407,duration=66569615,event=resolvconf[0Ktravis_time:start:154a5ab4[0Ktravis_time:end:154a5ab4:start=1618438093196500075,finish=1618438093348797834,duration=152297759,event=maven_central_mirror[0Ktravis_time:start:1a690026[0Ktravis_time:end:1a690026:start=1618438093352756427,finish=1618438093445417060,duration=92660633,event=maven_https[0Ktravis_time:start:2ca5d081[0Ktravis_fold:start:services[0Ktravis_time:start:0c49857a[0K$ sudo systemctl start docker
travis_time:end:0c49857a:start=1618438093455884482,finish=1618438093467836148,duration=11951666,event=prepare[0Ktravis_fold:end:services[0Ktravis_time:end:0c49857a:start=1618438093455884482,finish=1618438096474683509,duration=3018799027,event=services[0Ktravis_time:start:19997b3b[0Ktravis_time:end:19997b3b:start=1618438096479316830,finish=1618438096481893282,duration=2576452,event=fix_ps4[0Ktravis_time:start:2c9c2f48[0K
travis_fold:start:git.checkout[0Ktravis_time:start:07201ec0[0K$ git clone --depth=50 --branch=develop https://github.com/precice/systemtests.git precice/systemtests
Cloning into 'precice/systemtests'...
Updating files:  95% (3975/4150)Updating files:  96% (3984/4150)Updating files:  97% (4026/4150)Updating files:  98% (4067/4150)Updating files:  99% (4109/4150)Updating files: 100% (4150/4150)Updating files: 100% (4150/4150), done.
travis_time:end:07201ec0:start=1618438096489523749,finish=1618438107648136522,duration=11158612773,event=checkout[0K$ cd precice/systemtests
$ git checkout -qf 8edbc93843fbcd7f84e55517b5c6ec68e50e907e
travis_fold:end:git.checkout[0K
travis_time:end:07201ec0:start=1618438096489523749,finish=1618438108834358511,duration=12344834762,event=checkout[0Ktravis_time:start:2dfc2ff4[0K
[33;1mSetting environment variables from repository settings[0m
$ export DOCKER_PASSWORD=[secure]
$ export PRECICE_BOT_EMAIL=[secure]
$ export GH_TOKEN=[secure]
$ export DOCKER_USERNAME=precice
$ export TRAVIS_ACCESS_TOKEN=[secure]

travis_time:end:2dfc2ff4:start=1618438108839047804,finish=1618438108847540408,duration=8492604,event=env[0Ktravis_time:start:117dfb80[0K$ source ~/virtualenv/python3.8/bin/activate
travis_time:end:117dfb80:start=1618438108851559757,finish=1618438108856819525,duration=5259768,event=[0K$ python --version
Python 3.8.1
$ pip --version
pip 20.3.3 from /home/travis/virtualenv/python3.8.1/lib/python3.8/site-packages/pip (python 3.8)
travis_fold:start:install[0Ktravis_time:start:227ebcd2[0K$ pip install Jinja2
Collecting Jinja2
  Downloading Jinja2-2.11.3-py2.py3-none-any.whl (125 kB)
Collecting MarkupSafe>=0.23
  Downloading MarkupSafe-1.1.1-cp38-cp38-manylinux2010_x86_64.whl (32 kB)
Installing collected packages: MarkupSafe, Jinja2
Successfully installed Jinja2-2.11.3 MarkupSafe-1.1.1
travis_time:end:227ebcd2:start=1618438109277169761,finish=1618438110391298021,duration=1114128260,event=install[0Ktravis_fold:end:install[0Ktravis_time:start:05b20e16[0K$ export OPENFOAM_TAG=develop; 
travis_time:end:05b20e16:start=1618438110396274474,finish=1618438110399298420,duration=3023946,event=script[0K[32;1mThe command "export OPENFOAM_TAG=develop; " exited with 0.[0m
travis_time:start:0a452a66[0K$ python system_testing.py -s of-of --base Ubuntu1804.package -v
Total reclaimed space: 0B
networks:
  precicecomm: {}
services:
  openfoam-adapter-fluid:
    command: "/bin/bash -c \"source /usr/lib/openfoam/openfoam2006/etc/bashrc && cd\
      \ /home/precice/openfoam-adapter/tutorials/CHT/flow-over-plate/buoyantPimpleFoam-laplacianFoam\
      \ && sed -i 's|<m2n:sockets from=\\\"Fluid\\\" to=\\\"Solid\\\"/>|<m2n:sockets\
      \ from=\\\"Fluid\\\" to=\\\"Solid\\\" exchange-directory=\\\"/home/precice/Data/Exchange/\\\
      \" network=\\\"eth0\\\"/>|g;\n        s|\\(\\s\\+\\)\\(</participant>\\)|\\\
      1   <export:vtk directory=\\\"precice-output\\\" />\\n\\1\\2|g' precice-config.xml\
      \ &&\n./runFluid && mkdir /home/precice/Data/Output/Fluid && cp -r precice-output\
      \ *.log /home/precice/Data/Output/Fluid\"\n"
    container_name: openfoam-adapter-fluid
    image: precice/openfoam-adapter-ubuntu1804.package-develop:develop
    networks:
      precicecomm: null
    volumes:
    - exchange:/home/precice/Data/Exchange:rw
    - output:/home/precice/Data/Output:rw
  openfoam-adapter-solid:
    command: "/bin/bash -c \"source /usr/lib/openfoam/openfoam2006/etc/bashrc && cd\
      \ /home/precice/openfoam-adapter/tutorials/CHT/flow-over-plate/buoyantPimpleFoam-laplacianFoam\
      \ && sed -i 's|<m2n:sockets from=\\\"Fluid\\\" to=\\\"Solid\\\"/>|<m2n:sockets\
      \ from=\\\"Fluid\\\" to=\\\"Solid\\\" exchange-directory=\\\"/home/precice/Data/Exchange/\\\
      \" network=\\\"eth0\\\"/>|g;\n        s|\\(\\s\\+\\)\\(</participant>\\)|\\\
      1   <export:vtk directory=\\\"precice-output\\\" />\\n\\1\\2|g' precice-config.xml\
      \ &&\n./runSolid && mkdir /home/precice/Data/Output/Solid && cp -r precice-output\
      \ *.log /home/precice/Data/Output/Solid\"\n"
    container_name: openfoam-adapter-solid
    image: precice/openfoam-adapter-ubuntu1804.package-develop:develop
    networks:
      precicecomm: null
    volumes:
    - exchange:/home/precice/Data/Exchange:rw
    - output:/home/precice/Data/Output:rw
  tutorial-data:
    container_name: tutorial-data
    image: alpine
    volumes:
    - output:/Output:rw
version: '3.0'
volumes:
  exchange: {}
  output: {}

Creating network "testcompose_of-of_precicecomm" with the default driver
Creating network "testcompose_of-of_default" with the default driver
Creating volume "testcompose_of-of_exchange" with default driver
Creating volume "testcompose_of-of_output" with default driver
Pulling openfoam-adapter-fluid (precice/openfoam-adapter-ubuntu1804.package-develop:develop)...
develop: Pulling from precice/openfoam-adapter-ubuntu1804.package-develop
develop: Pulling from precice/openfoam-adapter-ubuntu1804.package-develop
Pulling openfoam-adapter-solid (precice/openfoam-adapter-ubuntu1804.package-develop:develop)...
develop: Pulling from precice/openfoam-adapter-ubuntu1804.package-develop
Pulling tutorial-data (alpine:)...
latest: Pulling from library/alpine
Creating openfoam-adapter-solid ... 
Creating tutorial-data          ... 
Creating openfoam-adapter-fluid ... 
[3A[2KCreating openfoam-adapter-solid ... [32mdone[0m[3B[1A[2KCreating openfoam-adapter-fluid ... [32mdone[0m[1B[2A[2KCreating tutorial-data          ... [32mdone[0m[2BAttaching to openfoam-adapter-solid, openfoam-adapter-fluid, tutorial-data
[36mopenfoam-adapter-solid    |[0m /bin/bash: line 0: cd: /home/precice/openfoam-adapter/tutorials/CHT/flow-over-plate/buoyantPimpleFoam-laplacianFoam: No such file or directory
[33mopenfoam-adapter-fluid    |[0m /bin/bash: line 0: cd: /home/precice/openfoam-adapter/tutorials/CHT/flow-over-plate/buoyantPimpleFoam-laplacianFoam: No such file or directory
[33mopenfoam-adapter-fluid exited with code 1
[0m[36mopenfoam-adapter-solid exited with code 1
[0m[32mtutorial-data exited with code 0
[0m------------- Comparing files -------------
> Only in /home/travis/build/precice/systemtests/tests/TestCompose_of-of/referenceOutput: Fluid
Only in /home/travis/build/precice/systemtests/tests/TestCompose_of-of/referenceOutput: Solid
----------- Comparison finished -----------
EXECUTING: docker container prune -f; export PRECICE_BASE=-ubuntu1804.package-develop; mkdir Logs; docker-compose config && bash ../../silent_compose.sh debug
EXECUTING: docker cp tutorial-data:/Output .
EXECUTING: docker-compose logs > Logs/container.log
EXECUTING: bash ../../compare_results.sh /home/travis/build/precice/systemtests/tests/TestCompose_of-of/referenceOutput /home/travis/build/precice/systemtests/tests/TestCompose_of-of/Output
TEST FAILED WITH: Output files do not match reference
Files differing               : []
Files only in reference (left): ['Fluid', 'Solid']
Files only in output(right)   : []
Traceback (most recent call last):
  File "system_testing.py", line 133, in run_compose
    comparison(path_to_ref, path_to_otp)
  File "system_testing.py", line 210, in comparison
    raise IncorrectOutput(*ret)
__main__.IncorrectOutput: Output files do not match reference
Files differing               : []
Files only in reference (left): ['Fluid', 'Solid']
Files only in output(right)   : []

During handling of the above exception, another exception occurred:

Traceback (most recent call last):
  File "system_testing.py", line 305, in <module>
    build_run_compare(test, tag, args.branch.lower(), args.local,
  File "system_testing.py", line 227, in build_run_compare
    run_compose(test, branch, local_precice, tag, force_rebuild, rm_all, verbose)
  File "system_testing.py", line 145, in run_compose
    raise STValidateException()
__main__.STValidateException: COMPARISON FAILED - An error occured while comparing test results with reference files!
travis_time:end:0a452a66:start=1618438110403793857,finish=1618438283505464774,duration=173101670917,event=script[0K[31;1mThe command "python system_testing.py -s of-of --base Ubuntu1804.package -v" exited with 1.[0m
travis_time:start:1477a830[0K$ python push.py
Cloning into 'precice_st_output'...
Updating files:  13% (5778/43994)Updating files:  14% (6160/43994)Updating files:  15% (6600/43994)Updating files:  16% (7040/43994)Updating files:  17% (7479/43994)Updating files:  18% (7919/43994)Updating files:  19% (8359/43994)Updating files:  20% (8799/43994)Updating files:  21% (9239/43994)Updating files:  22% (9679/43994)Updating files:  23% (10119/43994)Updating files:  24% (10559/43994)Updating files:  25% (10999/43994)Updating files:  26% (11439/43994)Updating files:  27% (11879/43994)Updating files:  28% (12319/43994)Updating files:  28% (12635/43994)Updating files:  29% (12759/43994)Updating files:  30% (13199/43994)Updating files:  31% (13639/43994)Updating files:  32% (14079/43994)Updating files:  33% (14519/43994)Updating files:  34% (14958/43994)Updating files:  35% (15398/43994)Updating files:  36% (15838/43994)Updating files:  37% (16278/43994)Updating files:  38% (16718/43994)Updating files:  39% (17158/43994)Updating files:  40% (17598/43994)Updating files:  41% (18038/43994)Updating files:  41% (18343/43994)Updating files:  42% (18478/43994)Updating files:  43% (18918/43994)Updating files:  44% (19358/43994)Updating files:  45% (19798/43994)Updating files:  46% (20238/43994)Updating files:  47% (20678/43994)Updating files:  48% (21118/43994)Updating files:  49% (21558/43994)Updating files:  50% (21997/43994)Updating files:  51% (22437/43994)Updating files:  52% (22877/43994)Updating files:  53% (23317/43994)Updating files:  53% (23440/43994)Updating files:  54% (23757/43994)Updating files:  55% (24197/43994)Updating files:  56% (24637/43994)Updating files:  57% (25077/43994)Updating files:  58% (25517/43994)Updating files:  59% (25957/43994)Updating files:  60% (26397/43994)Updating files:  61% (26837/43994)Updating files:  62% (27277/43994)Updating files:  63% (27717/43994)Updating files:  64% (28157/43994)Updating files:  64% (28459/43994)Updating files:  65% (28597/43994)Updating files:  66% (29037/43994)Updating files:  66% (29064/43994)Updating files:  67% (29476/43994)Updating files:  68% (29916/43994)Updating files:  68% (29974/43994)Updating files:  68% (29986/43994)Updating files:  69% (30356/43994)Updating files:  70% (30796/43994)Updating files:  70% (31014/43994)Updating files:  71% (31236/43994)Updating files:  72% (31676/43994)Updating files:  73% (32116/43994)Updating files:  74% (32556/43994)Updating files:  74% (32856/43994)Updating files:  75% (32996/43994)Updating files:  76% (33436/43994)Updating files:  77% (33876/43994)Updating files:  77% (34071/43994)Updating files:  77% (34135/43994)Updating files:  77% (34204/43994)Updating files:  77% (34270/43994)Updating files:  77% (34306/43994)Updating files:  78% (34316/43994)Updating files:  78% (34389/43994)Updating files:  78% (34465/43994)Updating files:  78% (34558/43994)Updating files:  78% (34617/43994)Updating files:  78% (34715/43994)Updating files:  79% (34756/43994)Updating files:  79% (34770/43994)Updating files:  79% (34870/43994)Updating files:  79% (34944/43994)Updating files:  79% (35064/43994)Updating files:  79% (35102/43994)Updating files:  79% (35186/43994)Updating files:  80% (35196/43994)Updating files:  80% (35256/43994)Updating files:  80% (35325/43994)Updating files:  80% (35372/43994)Updating files:  80% (35460/43994)Updating files:  80% (35555/43994)Updating files:  81% (35636/43994)Updating files:  81% (35664/43994)Updating files:  81% (35744/43994)Updating files:  81% (35783/43994)Updating files:  81% (35867/43994)Updating files:  81% (35946/43994)Updating files:  81% (36036/43994)Updating files:  82% (36076/43994)Updating files:  82% (36112/43994)Updating files:  82% (36193/43994)Updating files:  82% (36245/43994)Updating files:  82% (36324/43994)Updating files:  82% (36409/43994)Updating files:  82% (36484/43994)Updating files:  83% (36516/43994)Updating files:  83% (36568/43994)Updating files:  83% (36576/43994)Updating files:  83% (36658/43994)Updating files:  83% (36747/43994)Updating files:  83% (36849/43994)Updating files:  83% (36939/43994)Updating files:  84% (36955/43994)Updating files:  84% (36979/43994)Updating files:  84% (37115/43994)Updating files:  84% (37225/43994)Updating files:  84% (37310/43994)Updating files:  85% (37395/43994)Updating files:  85% (37426/43994)Updating files:  85% (37472/43994)Updating files:  85% (37573/43994)Updating files:  85% (37652/43994)Updating files:  85% (37742/43994)Updating files:  85% (37833/43994)Updating files:  86% (37835/43994)Updating files:  86% (37859/43994)Updating files:  86% (38039/43994)Updating files:  87% (38275/43994)Updating files:  87% (38503/43994)Updating files:  88% (38715/43994)Updating files:  89% (39155/43994)Updating files:  89% (39265/43994)Updating files:  89% (39353/43994)Updating files:  89% (39376/43994)Updating files:  89% (39501/43994)Updating files:  90% (39595/43994)Updating files:  90% (39606/43994)Updating files:  90% (39699/43994)Updating files:  90% (39800/43994)Updating files:  90% (39856/43994)Updating files:  90% (39977/43994)Updating files:  91% (40035/43994)Updating files:  91% (40065/43994)Updating files:  91% (40116/43994)Updating files:  91% (40259/43994)Updating files:  91% (40340/43994)Updating files:  91% (40400/43994)Updating files:  92% (40475/43994)Updating files:  92% (40514/43994)Updating files:  92% (40562/43994)Updating files:  92% (40691/43994)Updating files:  92% (40754/43994)Updating files:  93% (40915/43994)Updating files:  93% (40916/43994)Updating files:  93% (40949/43994)Updating files:  93% (41031/43994)Updating files:  93% (41161/43994)Updating files:  93% (41199/43994)Updating files:  93% (41270/43994)Updating files:  93% (41311/43994)Updating files:  94% (41355/43994)Updating files:  94% (41480/43994)Updating files:  94% (41570/43994)Updating files:  94% (41696/43994)Updating files:  94% (41793/43994)Updating files:  95% (41795/43994)Updating files:  95% (41832/43994)Updating files:  95% (41840/43994)Updating files:  95% (41929/43994)Updating files:  95% (42065/43994)Updating files:  95% (42177/43994)Updating files:  95% (42219/43994)Updating files:  96% (42235/43994)Updating files:  96% (42263/43994)Updating files:  96% (42362/43994)Updating files:  96% (42451/43994)Updating files:  96% (42550/43994)Updating files:  96% (42618/43994)Updating files:  97% (42675/43994)Updating files:  97% (42785/43994)Updating files:  97% (42917/43994)Updating files:  97% (43012/43994)Updating files:  98% (43115/43994)Updating files:  98% (43154/43994)Updating files:  98% (43194/43994)Updating files:  98% (43343/43994)Updating files:  98% (43468/43994)Updating files:  99% (43618/43994)Updating files: 100% (43994/43994)Updating files: 100% (43994/43994), done.
