travis_fold:start:worker_info[0K[33;1mWorker information[0m
hostname: 1f99cc5e-42d9-4661-a828-ee3c0e3f266e@1.worker-org-8b5957499-8gzzw.gce-production-3
version: v6.2.17 https://github.com/travis-ci/worker/tree/bc420764f334fe0d096a417c80426f672f1b7d18
instance: travis-job-4b36bd1f-1dc0-4269-a069-6901c72f7152 travis-ci-ubuntu-1804-1593521679-ca42795e (via amqp)
startup: 6.570368107s
travis_fold:end:worker_info[0Ktravis_time:start:2692292c[0Ktravis_time:end:2692292c:start=1603647041662203512,finish=1603647041845495043,duration=183291531,event=no_world_writable_dirs[0Ktravis_time:start:07dc3ec9[0Ktravis_time:end:07dc3ec9:start=1603647041848741370,finish=1603647041852334143,duration=3592773,event=setup_filter[0Ktravis_time:start:0aa33928[0Ktravis_time:end:0aa33928:start=1603647041856445361,finish=1603647041867363652,duration=10918291,event=agent[0Ktravis_time:start:3cefe938[0Ktravis_time:end:3cefe938:start=1603647041870750086,finish=1603647041873101497,duration=2351411,event=check_unsupported[0Ktravis_time:start:05f82794[0Ktravis_fold:start:system_info[0K[33;1mBuild system information[0m
Build language: python
Build group: stable
Build dist: bionic
Build id: 738729725
Job id: 738729809
Runtime kernel version: 5.3.0-1029-gcp
travis-build version: acd5a925
[34m[1mBuild image provisioning date and time[0m
Tue Jun 30 13:35:43 UTC 2020
[34m[1mOperating System Details[0m
Distributor ID:	Ubuntu
Description:	Ubuntu 18.04.4 LTS
Release:	18.04
Codename:	bionic
[34m[1mSystemd Version[0m
systemd 237
[34m[1mCookbooks Version[0m
3f92a99 https://github.com/travis-ci/travis-cookbooks/tree/3f92a99
[34m[1mgit version[0m
git version 2.27.0
[34m[1mbash version[0m
GNU bash, version 4.4.20(1)-release (x86_64-pc-linux-gnu)
[34m[1mgcc version[0m
gcc (Ubuntu 7.5.0-3ubuntu1~18.04) 7.5.0
[34m[1mdocker version[0m
Client:
 Version:           18.06.0-ce
 API version:       1.38
 Go version:        go1.10.3
 Git commit:        0ffa825
 Built:             Wed Jul 18 19:09:54 2018
 OS/Arch:           linux/amd64
 Experimental:      false

Server:
 Engine:
  Version:          18.06.0-ce
  API version:      1.38 (minimum version 1.12)
  Go version:       go1.10.3
  Git commit:       0ffa825
  Built:            Wed Jul 18 19:07:56 2018
  OS/Arch:          linux/amd64
  Experimental:     false
[34m[1mclang version[0m
clang version 7.0.0 (tags/RELEASE_700/final)
[34m[1mjq version[0m
jq-1.5
[34m[1mbats version[0m
Bats 0.4.0
[34m[1mshellcheck version[0m
0.7.0
[34m[1mshfmt version[0m
v2.6.3
[34m[1mccache version[0m
3.4.1
[34m[1mcmake version[0m
cmake version 3.12.4
[34m[1mheroku version[0m
heroku/7.42.1 linux-x64 node-v12.16.2
[34m[1mimagemagick version[0m
Version: ImageMagick 6.9.7-4 Q16 x86_64 20170114 http://www.imagemagick.org
[34m[1mmd5deep version[0m
4.4
[34m[1mmercurial version[0m
version 4.8
[34m[1mmysql version[0m
mysql  Ver 14.14 Distrib 5.7.30, for Linux (x86_64) using  EditLine wrapper
[34m[1mopenssl version[0m
OpenSSL 1.1.1  11 Sep 2018
[34m[1mpacker version[0m
1.3.3
[34m[1mpostgresql client version[0m
psql (PostgreSQL) 11.8 (Ubuntu 11.8-1.pgdg18.04+1)
[34m[1mragel version[0m
Ragel State Machine Compiler version 6.10 March 2017
[34m[1msudo version[0m
1.8.21p2
[34m[1mgzip version[0m
gzip 1.6
[34m[1mzip version[0m
Zip 3.0
[34m[1mvim version[0m
VIM - Vi IMproved 8.0 (2016 Sep 12, compiled Mar 18 2020 18:29:15)
[34m[1miptables version[0m
iptables v1.6.1
[34m[1mcurl version[0m
curl 7.58.0 (x86_64-pc-linux-gnu) libcurl/7.58.0 OpenSSL/1.1.1 zlib/1.2.11 libidn2/2.0.4 libpsl/0.19.1 (+libidn2/2.0.4) nghttp2/1.30.0 librtmp/2.3
[34m[1mwget version[0m
GNU Wget 1.19.4 built on linux-gnu.
[34m[1mrsync version[0m
rsync  version 3.1.2  protocol version 31
[34m[1mgimme version[0m
v1.5.4
[34m[1mnvm version[0m
0.35.3
[34m[1mperlbrew version[0m
/home/travis/perl5/perlbrew/bin/perlbrew  - App::perlbrew/0.87
[34m[1mphpenv version[0m
rbenv 1.1.2-30-gc879cb0
[34m[1mrvm version[0m
rvm 1.29.10 (latest) by Michal Papis, Piotr Kuczynski, Wayne E. Seguin [https://rvm.io]
[34m[1mdefault ruby version[0m
ruby 2.6.5p114 (2019-10-01 revision 67812) [x86_64-linux]
[34m[1mElasticSearch version[0m
5.5.0
[34m[1mInstalled Firefox version[0m
firefox 63.0.1
[34m[1mMongoDB version[0m
MongoDB 4.0.19
[34m[1mPhantomJS version[0m
2.1.1
[34m[1mPre-installed PostgreSQL versions[0m
9.3.25
9.4.26
9.5.22
9.6.18
[34m[1mRedis version[0m
redis-server 6.0.5
[34m[1mPre-installed Go versions[0m
1.11.1
[34m[1mant version[0m
Apache Ant(TM) version 1.10.5 compiled on March 28 2019
[34m[1mmvn version[0m
Apache Maven 3.6.3 (cecedd343002696d0abb50b32b541b8a6ba2883f)
[34m[1mgradle version[0m
Gradle 5.1.1!
[34m[1mlein version[0m
Leiningen 2.9.3 on Java 11.0.2 OpenJDK 64-Bit Server VM
[34m[1mPre-installed Node.js versions[0m
v10.16.0
v10.21.0
v11.15.0
v12.13.1
v12.18.1
v13.3.0
v4.9.1
v6.17.1
v8.16.2
v8.17.0
v8.9
[34m[1mphpenv versions[0m
  system
  7.1
  7.1.33
  7.2
* 7.2.27 (set by /home/travis/.phpenv/version)
  7.3
  7.3.14
  7.4
  7.4.2
  hhvm
  hhvm-stable
[34m[1mcomposer --version[0m
Composer version 1.9.2 2020-01-14 16:30:31
[34m[1mPre-installed Ruby versions[0m
ruby-2.4.9
ruby-2.5.3
ruby-2.5.7
ruby-2.6.5
ruby-2.7.0
travis_fold:end:system_info[0K
travis_time:end:05f82794:start=1603647041876218672,finish=1603647041884713995,duration=8495323,event=show_system_info[0Ktravis_time:start:0f35bc7c[0Ktravis_time:end:0f35bc7c:start=1603647041887478831,finish=1603647041905341793,duration=17862962,event=rm_riak_source[0Ktravis_time:start:1c0c3b78[0Ktravis_time:end:1c0c3b78:start=1603647041908647443,finish=1603647041914366765,duration=5719322,event=fix_rwky_redis[0Ktravis_time:start:1ac5f82c[0Ktravis_time:end:1ac5f82c:start=1603647041917572523,finish=1603647042298300027,duration=380727504,event=wait_for_network[0Ktravis_time:start:08b4856c[0Ktravis_time:end:08b4856c:start=1603647042304605781,finish=1603647042554053908,duration=249448127,event=update_apt_keys[0Ktravis_time:start:0d337448[0Ktravis_time:end:0d337448:start=1603647042558414269,finish=1603647042612114039,duration=53699770,event=fix_hhvm_source[0Ktravis_time:start:0d06b9ab[0Ktravis_time:end:0d06b9ab:start=1603647042615981302,finish=1603647042618787446,duration=2806144,event=update_mongo_arch[0Ktravis_time:start:04f08750[0Ktravis_time:end:04f08750:start=1603647042622151744,finish=1603647042662386420,duration=40234676,event=fix_sudo_enabled_trusty[0Ktravis_time:start:010cd64c[0Ktravis_time:end:010cd64c:start=1603647042666026437,finish=1603647042668134018,duration=2107581,event=update_glibc[0Ktravis_time:start:11083bd3[0Ktravis_time:end:11083bd3:start=1603647042671880753,finish=1603647042679981522,duration=8100769,event=clean_up_path[0Ktravis_time:start:097572a8[0Ktravis_time:end:097572a8:start=1603647042683613183,finish=1603647042692908645,duration=9295462,event=fix_resolv_conf[0Ktravis_time:start:203d700c[0Ktravis_time:end:203d700c:start=1603647042697042011,finish=1603647042723502079,duration=26460068,event=fix_etc_hosts[0Ktravis_time:start:02f480e2[0Ktravis_time:end:02f480e2:start=1603647042728226391,finish=1603647042735875639,duration=7649248,event=fix_mvn_settings_xml[0Ktravis_time:start:046c14f0[0Ktravis_time:end:046c14f0:start=1603647042739812052,finish=1603647042749482677,duration=9670625,event=no_ipv6_localhost[0Ktravis_time:start:187d4d40[0Ktravis_time:end:187d4d40:start=1603647042753503384,finish=1603647042755781368,duration=2277984,event=fix_etc_mavenrc[0Ktravis_time:start:02f7298e[0Ktravis_time:end:02f7298e:start=1603647042759416361,finish=1603647042762118880,duration=2702519,event=fix_wwdr_certificate[0Ktravis_time:start:151cbabe[0Ktravis_time:end:151cbabe:start=1603647042765811142,finish=1603647042800160857,duration=34349715,event=put_localhost_first[0Ktravis_time:start:1c712af3[0Ktravis_time:end:1c712af3:start=1603647042805006101,finish=1603647042807718652,duration=2712551,event=home_paths[0Ktravis_time:start:1fc7c283[0Ktravis_time:end:1fc7c283:start=1603647042811473099,finish=1603647042824267762,duration=12794663,event=disable_initramfs[0Ktravis_time:start:0d850748[0Ktravis_time:end:0d850748:start=1603647042830494568,finish=1603647042960431052,duration=129936484,event=disable_ssh_roaming[0Ktravis_time:start:03739470[0Ktravis_time:end:03739470:start=1603647042965712552,finish=1603647042968562611,duration=2850059,event=debug_tools[0Ktravis_time:start:175a997c[0Ktravis_time:end:175a997c:start=1603647042974132337,finish=1603647042977936885,duration=3804548,event=uninstall_oclint[0Ktravis_time:start:253a12d4[0Ktravis_time:end:253a12d4:start=1603647042982062640,finish=1603647042985345236,duration=3282596,event=rvm_use[0Ktravis_time:start:120f047d[0Ktravis_time:end:120f047d:start=1603647042989533530,finish=1603647042996915560,duration=7382030,event=rm_etc_boto_cfg[0Ktravis_time:start:01062fa4[0Ktravis_time:end:01062fa4:start=1603647043001005354,finish=1603647043003018270,duration=2012916,event=rm_oraclejdk8_symlink[0Ktravis_time:start:082d4206[0Ktravis_time:end:082d4206:start=1603647043007225040,finish=1603647043096189496,duration=88964456,event=enable_i386[0Ktravis_time:start:10afe7cc[0Ktravis_time:end:10afe7cc:start=1603647043101427718,finish=1603647043105775732,duration=4348014,event=update_rubygems[0Ktravis_time:start:034b7659[0Ktravis_time:end:034b7659:start=1603647043114004588,finish=1603647043900675540,duration=786670952,event=ensure_path_components[0Ktravis_time:start:1e9724bc[0Ktravis_time:end:1e9724bc:start=1603647043907749440,finish=1603647043910612149,duration=2862709,event=redefine_curl[0Ktravis_time:start:25ab33d8[0Ktravis_time:end:25ab33d8:start=1603647043917309248,finish=1603647044007707090,duration=90397842,event=nonblock_pipe[0Ktravis_time:start:0406d4b4[0Ktravis_time:end:0406d4b4:start=1603647044012615705,finish=1603647050047014448,duration=6034398743,event=apt_get_update[0Ktravis_time:start:0374fb44[0Ktravis_time:end:0374fb44:start=1603647050050334513,finish=1603647050052825468,duration=2490955,event=deprecate_xcode_64[0Ktravis_time:start:0a9f6ebc[0Ktravis_time:end:0a9f6ebc:start=1603647050056611592,finish=1603647052845722149,duration=2789110557,event=update_heroku[0Ktravis_time:start:09a406ce[0Ktravis_time:end:09a406ce:start=1603647052850826882,finish=1603647052853464327,duration=2637445,event=shell_session_update[0Ktravis_time:start:00751179[0Ktravis_fold:start:docker_mtu[0Ktravis_fold:end:docker_mtu[0Ktravis_time:end:00751179:start=1603647052858135361,finish=1603647055186266181,duration=2328130820,event=set_docker_mtu[0Ktravis_time:start:1b20f540[0Ktravis_fold:start:resolvconf[0Ktravis_fold:end:resolvconf[0Ktravis_time:end:1b20f540:start=1603647055190370714,finish=1603647055264350027,duration=73979313,event=resolvconf[0Ktravis_time:start:02dff410[0Ktravis_time:end:02dff410:start=1603647055271767786,finish=1603647055416417267,duration=144649481,event=maven_central_mirror[0Ktravis_time:start:01abb23c[0Ktravis_time:end:01abb23c:start=1603647055421381755,finish=1603647055520577170,duration=99195415,event=maven_https[0Ktravis_time:start:181c9ba3[0Ktravis_fold:start:services[0Ktravis_time:start:0a7b2abe[0K$ sudo systemctl start docker
travis_time:end:0a7b2abe:start=1603647055531515108,finish=1603647055543807130,duration=12292022,event=prepare[0Ktravis_fold:end:services[0Ktravis_time:end:0a7b2abe:start=1603647055531515108,finish=1603647058550201550,duration=3018686442,event=services[0Ktravis_time:start:1e6e108a[0Ktravis_time:end:1e6e108a:start=1603647058556160511,finish=1603647058559210422,duration=3049911,event=fix_ps4[0Ktravis_time:start:39be2138[0K
travis_fold:start:git.checkout[0Ktravis_time:start:01c346ac[0K$ git clone --depth=50 --branch=develop https://github.com/precice/systemtests.git precice/systemtests
Cloning into 'precice/systemtests'...
Updating files:  96% (4762/4925)Updating files:  97% (4778/4925)Updating files:  98% (4827/4925)Updating files:  99% (4876/4925)Updating files: 100% (4925/4925)Updating files: 100% (4925/4925), done.
travis_time:end:01c346ac:start=1603647058568034275,finish=1603647069486805868,duration=10918771593,event=checkout[0K$ cd precice/systemtests
$ git checkout -qf 28275345acbb9962c4f7a2747c481eefb156ab31
travis_fold:end:git.checkout[0K
travis_time:end:01c346ac:start=1603647058568034275,finish=1603647070458605757,duration=11890571482,event=checkout[0Ktravis_time:start:0a9de540[0K
[33;1mSetting environment variables from repository settings[0m
$ export DOCKER_PASSWORD=[secure]
$ export PRECICE_BOT_EMAIL=[secure]
$ export GH_TOKEN=[secure]
$ export TRAVIS_ACCESS_TOKEN=[secure]
$ export DOCKER_USERNAME=precice

travis_time:end:0a9de540:start=1603647070465116448,finish=1603647070474691737,duration=9575289,event=env[0Ktravis_time:start:0b6ee638[0K$ source ~/virtualenv/python3.8/bin/activate
travis_time:end:0b6ee638:start=1603647070479659270,finish=1603647070485428444,duration=5769174,event=[0K$ python --version
Python 3.8.1
$ pip --version
pip 20.1.1 from /home/travis/virtualenv/python3.8.1/lib/python3.8/site-packages/pip (python 3.8)
travis_fold:start:install[0Ktravis_time:start:1dd263ff[0K$ pip install Jinja2
Collecting Jinja2
  Downloading Jinja2-2.11.2-py2.py3-none-any.whl (125 kB)
Collecting MarkupSafe>=0.23
  Downloading MarkupSafe-1.1.1-cp38-cp38-manylinux1_x86_64.whl (32 kB)
Installing collected packages: MarkupSafe, Jinja2
Successfully installed Jinja2-2.11.2 MarkupSafe-1.1.1
travis_time:end:1dd263ff:start=1603647070949938544,finish=1603647072143833711,duration=1193895167,event=install[0Ktravis_fold:end:install[0Ktravis_time:start:0c8897c8[0K$ python system_testing.py -s fe-fe -v
Total reclaimed space: 0B
networks:
  precicecomm: {}
services:
  fenics-adapter-dirichlet:
    command: '/bin/bash -c "cd /home/precice && python3 /home/precice/Data/Input/heat.py
      -d -i simple && mkdir /home/precice/Data/Output/Dirichlet && cp -r precice-output
      *.log /home/precice/Data/Output/Dirichlet"

      '
    container_name: fenics-adapter-dirichlet
    depends_on:
    - tutorial-data
    image: precice/fenics-adapter-ubuntu1804.home-develop:latest
    networks:
      precicecomm: null
    volumes:
    - exchange:/home/precice/Data/Exchange:rw
    - output:/home/precice/Data/Output:rw
    - input:/home/precice/Data/Input:rw
  fenics-adapter-neumann:
    command: '/bin/bash -c "cd /home/precice && python3 /home/precice/Data/Input/heat.py
      -n -i simple && mkdir /home/precice/Data/Output/Neumann && cp -r precice-output
      *.log /home/precice/Data/Output/Neumann"

      '
    container_name: fenics-adapter-neumann
    depends_on:
    - tutorial-data
    image: precice/fenics-adapter-ubuntu1804.home-develop:latest
    networks:
      precicecomm: null
    volumes:
    - exchange:/home/precice/Data/Exchange:rw
    - output:/home/precice/Data/Output:rw
    - input:/home/precice/Data/Input:rw
  tutorial-data:
    build:
      context: /home/travis/build/precice/systemtests/tests/TestCompose_fe-fe
      dockerfile: Dockerfile.tutorial_data
      network: host
    container_name: tutorial-data
    volumes:
    - output:/Output:rw
    - input:/tutorials/HT/partitioned-heat/fenics-fenics:rw
version: '3.4'
volumes:
  exchange: {}
  input: {}
  output: {}

Creating network "testcompose_fe-fe_default" with the default driver
Creating network "testcompose_fe-fe_precicecomm" with the default driver
Creating volume "testcompose_fe-fe_exchange" with default driver
Creating volume "testcompose_fe-fe_output" with default driver
Creating volume "testcompose_fe-fe_input" with default driver
Building tutorial-data
Step 1/8 : from alpine
latest: Pulling from library/alpine
Digest: sha256:c0e9560cda118f9ec63ddefb4a173a2b2a0347082d7dff7dc14272e7841a5b5a
Status: Downloaded newer image for alpine:latest
 ---> d6e46aa2470d
Step 2/8 : ENV tutorial_path tutorials/HT/partitioned-heat/fenics-fenics
 ---> Running in eb5de94de69d
Removing intermediate container eb5de94de69d
 ---> 35a3da11018f
Step 3/8 : RUN apk add git
 ---> Running in 7a799ff8f729
fetch http://dl-cdn.alpinelinux.org/alpine/v3.12/main/x86_64/APKINDEX.tar.gz
fetch http://dl-cdn.alpinelinux.org/alpine/v3.12/community/x86_64/APKINDEX.tar.gz
(1/6) Installing ca-certificates (20191127-r4)
(2/6) Installing nghttp2-libs (1.41.0-r0)
(3/6) Installing libcurl (7.69.1-r1)
(4/6) Installing expat (2.2.9-r1)
(5/6) Installing pcre2 (10.35-r0)
(6/6) Installing git (2.26.2-r0)
Executing busybox-1.31.1-r19.trigger
Executing ca-certificates-20191127-r4.trigger
OK: 22 MiB in 20 packages
Removing intermediate container 7a799ff8f729
 ---> 8fd2eb66d4bf
Step 4/8 : ARG branch=develop
 ---> Running in d2a7a2fb2129
Removing intermediate container d2a7a2fb2129
 ---> fffccb0924f8
Step 5/8 : RUN git clone --branch $branch https://github.com/precice/tutorials
 ---> Running in a28d2f2c2cc0
[91mCloning into 'tutorials'...
[0mRemoving intermediate container a28d2f2c2cc0
 ---> 8760c3ad3bf9
Step 6/8 : RUN mkdir configs &&     sed -i 's|<m2n:sockets from="HeatDirichlet" to="HeatNeumann"/>|<m2n:sockets from="HeatDirichlet" to="HeatNeumann" exchange-directory="/home/precice/Data/Exchange/" network="eth0"/>|g;             s|\(\s\+\)\(</participant>\)|\1   <export:vtk directory="precice-output" />\n\1\2|g' $tutorial_path/precice-config.xml
 ---> Running in 263948c494fb
Removing intermediate container 263948c494fb
 ---> c2220eed7397
Step 7/8 : RUN addgroup -g 1000 precice && adduser -u 1000 -G precice -D precice && chown -R precice:precice tutorials configs
 ---> Running in f3ed49c6cd50
Removing intermediate container f3ed49c6cd50
 ---> a77bb494036c
Step 8/8 : USER precice
 ---> Running in cf3764b2b18a
Removing intermediate container cf3764b2b18a
 ---> 51279af3759a

Successfully built 51279af3759a
Successfully tagged testcompose_fe-fe_tutorial-data:latest
Image for service tutorial-data was built because it did not already exist. To rebuild this image you must use `docker-compose build` or `docker-compose up --build`.
Pulling fenics-adapter-neumann (precice/fenics-adapter-ubuntu1804.home-develop:latest)...
latest: Pulling from precice/fenics-adapter-ubuntu1804.home-develop
Pulling fenics-adapter-dirichlet (precice/fenics-adapter-ubuntu1804.home-develop:latest)...
latest: Pulling from precice/fenics-adapter-ubuntu1804.home-develop
Creating tutorial-data ... 
[1A[2KCreating tutorial-data ... [32mdone[0m[1BCreating fenics-adapter-neumann ... 
Creating fenics-adapter-dirichlet ... 
[2A[2KCreating fenics-adapter-neumann   ... [32mdone[0m[2B[1A[2KCreating fenics-adapter-dirichlet ... [32mdone[0m[1BAttaching to tutorial-data, fenics-adapter-neumann, fenics-adapter-dirichlet
[33mfenics-adapter-neumann      |[0m Traceback (most recent call last):
[33mfenics-adapter-neumann      |[0m   File "/home/precice/Data/Input/heat.py", line 28, in <module>
[33mfenics-adapter-neumann      |[0m     from fenics import Function, FunctionSpace, Expression, Constant, DirichletBC, TrialFunction, TestFunction, \
[33mfenics-adapter-neumann      |[0m   File "/usr/lib/python3/dist-packages/fenics/__init__.py", line 7, in <module>
[33mfenics-adapter-neumann      |[0m     from dolfin import *
[33mfenics-adapter-neumann      |[0m ModuleNotFoundError: No module named 'dolfin'
[36mtutorial-data exited with code 0
[0m[32mfenics-adapter-dirichlet    |[0m Traceback (most recent call last):
[32mfenics-adapter-dirichlet    |[0m   File "/home/precice/Data/Input/heat.py", line 28, in <module>
[32mfenics-adapter-dirichlet    |[0m     from fenics import Function, FunctionSpace, Expression, Constant, DirichletBC, TrialFunction, TestFunction, \
[32mfenics-adapter-dirichlet    |[0m   File "/usr/lib/python3/dist-packages/fenics/__init__.py", line 7, in <module>
[32mfenics-adapter-dirichlet    |[0m     from dolfin import *
[32mfenics-adapter-dirichlet    |[0m ModuleNotFoundError: No module named 'dolfin'
[33mfenics-adapter-neumann exited with code 1
[0m[32mfenics-adapter-dirichlet exited with code 1
[0m------------- Comparing files -------------
> Only in /home/travis/build/precice/systemtests/tests/TestCompose_fe-fe/referenceOutput: precice-HeatDirichlet-iterations.log
Only in /home/travis/build/precice/systemtests/tests/TestCompose_fe-fe/referenceOutput: precice-HeatNeumann-convergence.log
Only in /home/travis/build/precice/systemtests/tests/TestCompose_fe-fe/referenceOutput: precice-HeatNeumann-iterations.log
----------- Comparison finished -----------
EXECUTING: docker container prune -f; export PRECICE_BASE=-ubuntu1804.home-develop; mkdir Logs; docker-compose config && bash ../../silent_compose.sh debug
EXECUTING: docker cp tutorial-data:/Output .
EXECUTING: docker-compose logs > Logs/container.log
EXECUTING: bash ../../compare_results.sh /home/travis/build/precice/systemtests/tests/TestCompose_fe-fe/referenceOutput /home/travis/build/precice/systemtests/tests/TestCompose_fe-fe/Output
TEST FAILED WITH: Output files do not match reference
Files differing               : []
Files only in reference (left): ['precice-HeatDirichlet-iterations.log', 'precice-HeatNeumann-convergence.log', 'precice-HeatNeumann-iterations.log']
Files only in output(right)   : []
Traceback (most recent call last):
  File "system_testing.py", line 133, in run_compose
    comparison(path_to_ref, path_to_otp)
  File "system_testing.py", line 210, in comparison
    raise IncorrectOutput(*ret)
__main__.IncorrectOutput: Output files do not match reference
Files differing               : []
Files only in reference (left): ['precice-HeatDirichlet-iterations.log', 'precice-HeatNeumann-convergence.log', 'precice-HeatNeumann-iterations.log']
Files only in output(right)   : []

During handling of the above exception, another exception occurred:

Traceback (most recent call last):
  File "system_testing.py", line 305, in <module>
    build_run_compare(test, tag, args.branch.lower(), args.local,
  File "system_testing.py", line 227, in build_run_compare
    run_compose(test, branch, local_precice, tag, force_rebuild, rm_all, verbose)
  File "system_testing.py", line 145, in run_compose
    raise STValidateException()
__main__.STValidateException: COMPARISON FAILED - An error occured while comparing test results with reference files!
travis_time:end:0c8897c8:start=1603647072150479997,finish=1603647202969665952,duration=130819185955,event=script[0K[31;1mThe command "python system_testing.py -s fe-fe -v" exited with 1.[0m
travis_time:start:0cd1a537[0K$ python push.py
Cloning into 'precice_st_output'...
Updating files:  51% (14554/28537)Updating files:  52% (14840/28537)Updating files:  53% (15125/28537)Updating files:  54% (15410/28537)Updating files:  55% (15696/28537)Updating files:  56% (15981/28537)Updating files:  57% (16267/28537)Updating files:  58% (16552/28537)Updating files:  59% (16837/28537)Updating files:  60% (17123/28537)Updating files:  61% (17408/28537)Updating files:  62% (17693/28537)Updating files:  63% (17979/28537)Updating files:  64% (18264/28537)Updating files:  64% (18281/28537)Updating files:  65% (18550/28537)Updating files:  66% (18835/28537)Updating files:  67% (19120/28537)Updating files:  68% (19406/28537)Updating files:  69% (19691/28537)Updating files:  70% (19976/28537)