travis_fold:start:worker_info[0K[33;1mWorker information[0m
hostname: 1623d6d2-a3b9-4739-8210-2c22a0691946@1.worker-com-oss-75486f8dc9-5fmgn.gce-production-3
version: 6.2.22 https://github.com/travis-ci/worker/tree/858cb91994a513269f2fe9782c15fc113e966231
instance: travis-job-21883b08-176e-4d45-8539-706b5495b6b6 travis-ci-ubuntu-1804-1609168422-6c7eba12 (via amqp)
startup: 6.091608318s
travis_fold:end:worker_info[0Ktravis_time:start:094c9f30[0Ktravis_time:end:094c9f30:start=1618435972579492453,finish=1618435972758199521,duration=178707068,event=no_world_writable_dirs[0Ktravis_time:start:0e9b1118[0Ktravis_time:end:0e9b1118:start=1618435972761133593,finish=1618435972764374566,duration=3240973,event=setup_filter[0Ktravis_time:start:053b8bcd[0Ktravis_time:end:053b8bcd:start=1618435972770808569,finish=1618435972784695104,duration=13886535,event=agent[0Ktravis_time:start:1865d1b0[0Ktravis_time:end:1865d1b0:start=1618435972787386618,finish=1618435972790893699,duration=3507081,event=check_unsupported[0Ktravis_time:start:0deb4c2d[0Ktravis_fold:start:system_info[0K[33;1mBuild system information[0m
Build language: python
Build group: stable
Build dist: bionic
Build id: 223104588
Job id: 498595227
Runtime kernel version: 5.4.0-1032-gcp
travis-build version: 091d532a
[34m[1mBuild image provisioning date and time[0m
Mon Dec 28 15:53:02 UTC 2020
[34m[1mOperating System Details[0m
Distributor ID:	Ubuntu
Description:	Ubuntu 18.04.5 LTS
Release:	18.04
Codename:	bionic
[34m[1mSystemd Version[0m
systemd 237
[34m[1mCookbooks Version[0m
10a7b34 https://github.com/travis-ci/travis-cookbooks/tree/10a7b34
[34m[1mgit version[0m
git version 2.29.2
[34m[1mbash version[0m
GNU bash, version 4.4.20(1)-release (x86_64-pc-linux-gnu)
[34m[1mgcc version[0m
gcc (Ubuntu 7.5.0-3ubuntu1~18.04) 7.5.0
[34m[1mdocker version[0m
Client:
 Version:           18.06.0-ce
 API version:       1.38
 Go version:        go1.10.3
 Git commit:        0ffa825
 Built:             Wed Jul 18 19:09:54 2018
 OS/Arch:           linux/amd64
 Experimental:      false

Server:
 Engine:
  Version:          18.06.0-ce
  API version:      1.38 (minimum version 1.12)
  Go version:       go1.10.3
  Git commit:       0ffa825
  Built:            Wed Jul 18 19:07:56 2018
  OS/Arch:          linux/amd64
  Experimental:     false
[34m[1mclang version[0m
clang version 7.0.0 (tags/RELEASE_700/final)
[34m[1mjq version[0m
jq-1.5
[34m[1mbats version[0m
Bats 0.4.0
[34m[1mshellcheck version[0m
0.7.0
[34m[1mshfmt version[0m
v3.2.1
[34m[1mccache version[0m
3.4.1
[34m[1mcmake version[0m
cmake version 3.12.4
[34m[1mheroku version[0m
heroku/7.47.6 linux-x64 node-v12.16.2
[34m[1mimagemagick version[0m
Version: ImageMagick 6.9.7-4 Q16 x86_64 20170114 http://www.imagemagick.org
[34m[1mmd5deep version[0m
4.4
[34m[1mmercurial version[0m
version 4.8
[34m[1mmysql version[0m
mysql  Ver 14.14 Distrib 5.7.32, for Linux (x86_64) using  EditLine wrapper
[34m[1mopenssl version[0m
OpenSSL 1.1.1  11 Sep 2018
[34m[1mpacker version[0m
1.3.3
[34m[1mpostgresql client version[0m
psql (PostgreSQL) 11.10 (Ubuntu 11.10-1.pgdg18.04+1)
[34m[1mragel version[0m
Ragel State Machine Compiler version 6.10 March 2017
[34m[1msudo version[0m
1.8.21p2
[34m[1mgzip version[0m
gzip 1.6
[34m[1mzip version[0m
Zip 3.0
[34m[1mvim version[0m
VIM - Vi IMproved 8.0 (2016 Sep 12, compiled Oct 13 2020 15:49:09)
[34m[1miptables version[0m
iptables v1.6.1
[34m[1mcurl version[0m
curl 7.58.0 (x86_64-pc-linux-gnu) libcurl/7.58.0 OpenSSL/1.1.1 zlib/1.2.11 libidn2/2.0.4 libpsl/0.19.1 (+libidn2/2.0.4) nghttp2/1.30.0 librtmp/2.3
[34m[1mwget version[0m
GNU Wget 1.19.4 built on linux-gnu.
[34m[1mrsync version[0m
rsync  version 3.1.2  protocol version 31
[34m[1mgimme version[0m
v1.5.4
[34m[1mnvm version[0m
0.37.2
[34m[1mperlbrew version[0m
/home/travis/perl5/perlbrew/bin/perlbrew  - App::perlbrew/0.88
[34m[1mphpenv version[0m
rbenv 1.1.2-40-g62d7798
[34m[1mrvm version[0m
rvm 1.29.10 (latest) by Michal Papis, Piotr Kuczynski, Wayne E. Seguin [https://rvm.io]
[34m[1mdefault ruby version[0m
ruby 2.6.5p114 (2019-10-01 revision 67812) [x86_64-linux]
[34m[1mElasticSearch version[0m
5.5.0
[34m[1mInstalled Firefox version[0m
firefox 63.0.1
[34m[1mMongoDB version[0m
MongoDB 4.0.22
[34m[1mPhantomJS version[0m
2.1.1
[34m[1mPre-installed PostgreSQL versions[0m
9.3.25
9.4.26
9.5.24
9.6.20
[34m[1mRedis version[0m
redis-server 6.0.6
[34m[1mPre-installed Go versions[0m
1.11.1
[34m[1mant version[0m
Apache Ant(TM) version 1.10.5 compiled on March 28 2019
[34m[1mmvn version[0m
Apache Maven 3.6.3 (cecedd343002696d0abb50b32b541b8a6ba2883f)
[34m[1mgradle version[0m
Gradle 5.1.1!
[34m[1mlein version[0m
Leiningen 2.9.5 on Java 11.0.2 OpenJDK 64-Bit Server VM
[34m[1mPre-installed Node.js versions[0m
v10.16.0
v10.23.0
v11.15.0
v12.13.1
v12.20.0
v13.3.0
v14.15.3
v4.9.1
v6.17.1
v8.16.2
v8.17.0
v8.9
[34m[1mphpenv versions[0m
  system
  7.1
  7.1.33
  7.2
* 7.2.27 (set by /home/travis/.phpenv/version)
  7.3
  7.3.14
  7.4
  7.4.2
  hhvm
  hhvm-stable
[34m[1mcomposer --version[0m
Composer version 1.9.2 2020-01-14 16:30:31
[34m[1mPre-installed Ruby versions[0m
ruby-2.4.9
ruby-2.5.3
ruby-2.5.7
ruby-2.6.5
ruby-2.7.0
travis_fold:end:system_info[0K
travis_time:end:0deb4c2d:start=1618435972793619334,finish=1618435972812635050,duration=19015716,event=show_system_info[0Ktravis_time:start:079b50f8[0Ktravis_time:end:079b50f8:start=1618435972815293141,finish=1618435972834359499,duration=19066358,event=rm_riak_source[0Ktravis_time:start:05bdfc04[0Ktravis_time:end:05bdfc04:start=1618435972838414253,finish=1618435972843663535,duration=5249282,event=fix_rwky_redis[0Ktravis_time:start:083d4d32[0Ktravis_time:end:083d4d32:start=1618435972846698261,finish=1618435973184110349,duration=337412088,event=wait_for_network[0Ktravis_time:start:254358da[0Ktravis_time:end:254358da:start=1618435973187421582,finish=1618435973425816936,duration=238395354,event=update_apt_keys[0Ktravis_time:start:046df624[0Ktravis_time:end:046df624:start=1618435973430239744,finish=1618435973481970112,duration=51730368,event=fix_hhvm_source[0Ktravis_time:start:00c22a28[0Ktravis_time:end:00c22a28:start=1618435973486419736,finish=1618435973489494177,duration=3074441,event=update_mongo_arch[0Ktravis_time:start:056571bf[0Ktravis_time:end:056571bf:start=1618435973493680301,finish=1618435973535298617,duration=41618316,event=fix_sudo_enabled_trusty[0Ktravis_time:start:23808732[0Ktravis_time:end:23808732:start=1618435973539302029,finish=1618435973541382509,duration=2080480,event=update_glibc[0Ktravis_time:start:0321fddc[0Ktravis_time:end:0321fddc:start=1618435973551824988,finish=1618435973564126082,duration=12301094,event=clean_up_path[0Ktravis_time:start:1f1c1d74[0Ktravis_time:end:1f1c1d74:start=1618435973569341382,finish=1618435973578685873,duration=9344491,event=fix_resolv_conf[0Ktravis_time:start:0856c5f9[0Ktravis_time:end:0856c5f9:start=1618435973582898113,finish=1618435973609581454,duration=26683341,event=fix_etc_hosts[0Ktravis_time:start:31f24050[0Ktravis_time:end:31f24050:start=1618435973615893526,finish=1618435973623675347,duration=7781821,event=fix_mvn_settings_xml[0Ktravis_time:start:14f50660[0Ktravis_time:end:14f50660:start=1618435973629429226,finish=1618435973639279131,duration=9849905,event=no_ipv6_localhost[0Ktravis_time:start:00c757f8[0Ktravis_time:end:00c757f8:start=1618435973643308809,finish=1618435973645217420,duration=1908611,event=fix_etc_mavenrc[0Ktravis_time:start:29e9603c[0Ktravis_time:end:29e9603c:start=1618435973649251558,finish=1618435973651960761,duration=2709203,event=fix_wwdr_certificate[0Ktravis_time:start:11b8fb12[0Ktravis_time:end:11b8fb12:start=1618435973656268574,finish=1618435973711567676,duration=55299102,event=put_localhost_first[0Ktravis_time:start:04fcf200[0Ktravis_time:end:04fcf200:start=1618435973717092033,finish=1618435973720140465,duration=3048432,event=home_paths[0Ktravis_time:start:27765ce6[0Ktravis_time:end:27765ce6:start=1618435973723576384,finish=1618435973734530183,duration=10953799,event=disable_initramfs[0Ktravis_time:start:16450f54[0Ktravis_time:end:16450f54:start=1618435973737958859,finish=1618435973875903880,duration=137945021,event=disable_ssh_roaming[0Ktravis_time:start:06c6652d[0Ktravis_time:end:06c6652d:start=1618435973880015489,finish=1618435973882770716,duration=2755227,event=debug_tools[0Ktravis_time:start:24cca53c[0Ktravis_time:end:24cca53c:start=1618435973887138227,finish=1618435973891114235,duration=3976008,event=uninstall_oclint[0Ktravis_time:start:06989eec[0Ktravis_time:end:06989eec:start=1618435973896097398,finish=1618435973899061579,duration=2964181,event=rvm_use[0Ktravis_time:start:0b920cbc[0Ktravis_time:end:0b920cbc:start=1618435973904305481,finish=1618435973912731206,duration=8425725,event=rm_etc_boto_cfg[0Ktravis_time:start:022ce22e[0Ktravis_time:end:022ce22e:start=1618435973916774351,finish=1618435973919348284,duration=2573933,event=rm_oraclejdk8_symlink[0Ktravis_time:start:02ac34d4[0Ktravis_time:end:02ac34d4:start=1618435973922487797,finish=1618435974008254218,duration=85766421,event=enable_i386[0Ktravis_time:start:3177bdd8[0Ktravis_time:end:3177bdd8:start=1618435974012231439,finish=1618435974016025289,duration=3793850,event=update_rubygems[0Ktravis_time:start:1b18fcc6[0Ktravis_time:end:1b18fcc6:start=1618435974019802631,finish=1618435974938995694,duration=919193063,event=ensure_path_components[0Ktravis_time:start:17b3f9b2[0Ktravis_time:end:17b3f9b2:start=1618435974943636214,finish=1618435974946102656,duration=2466442,event=redefine_curl[0Ktravis_time:start:0030202b[0Ktravis_time:end:0030202b:start=1618435974950425520,finish=1618435975036845550,duration=86420030,event=nonblock_pipe[0Ktravis_time:start:1166fe04[0Ktravis_time:end:1166fe04:start=1618435975040886227,finish=1618435981070792389,duration=6029906162,event=apt_get_update[0Ktravis_time:start:0272865e[0Ktravis_time:end:0272865e:start=1618435981075681442,finish=1618435981077893987,duration=2212545,event=deprecate_xcode_64[0Ktravis_time:start:1d548d38[0Ktravis_time:end:1d548d38:start=1618435981081969383,finish=1618435983865358156,duration=2783388773,event=update_heroku[0Ktravis_time:start:22f13208[0Ktravis_time:end:22f13208:start=1618435983868854965,finish=1618435983871379136,duration=2524171,event=shell_session_update[0Ktravis_time:start:087c56e0[0Ktravis_fold:start:docker_mtu_and_registry_mirrors[0Ktravis_fold:end:docker_mtu_and_registry_mirrors[0Ktravis_time:end:087c56e0:start=1618435983875958502,finish=1618435986294568530,duration=2418610028,event=set_docker_mtu_and_registry_mirrors[0Ktravis_time:start:1172a078[0Ktravis_fold:start:resolvconf[0Ktravis_fold:end:resolvconf[0Ktravis_time:end:1172a078:start=1618435986300140401,finish=1618435986377938705,duration=77798304,event=resolvconf[0Ktravis_time:start:0fd96330[0Ktravis_time:end:0fd96330:start=1618435986382645588,finish=1618435986515428334,duration=132782746,event=maven_central_mirror[0Ktravis_time:start:01ec08d3[0Ktravis_time:end:01ec08d3:start=1618435986518853332,finish=1618435986608798702,duration=89945370,event=maven_https[0Ktravis_time:start:3246981c[0Ktravis_fold:start:services[0Ktravis_time:start:05163a53[0K$ sudo systemctl start docker
travis_time:end:05163a53:start=1618435986622246165,finish=1618435986634363798,duration=12117633,event=prepare[0Ktravis_fold:end:services[0Ktravis_time:end:05163a53:start=1618435986622246165,finish=1618435989640849118,duration=3018602953,event=services[0Ktravis_time:start:2196672e[0Ktravis_time:end:2196672e:start=1618435989646111566,finish=1618435989648948372,duration=2836806,event=fix_ps4[0Ktravis_time:start:14a8d09c[0K
travis_fold:start:git.checkout[0Ktravis_time:start:04385280[0K$ git clone --depth=50 --branch=develop https://github.com/precice/systemtests.git precice/systemtests
Cloning into 'precice/systemtests'...
travis_time:end:04385280:start=1618435989658520413,finish=1618436001387627479,duration=11729107066,event=checkout[0K$ cd precice/systemtests
$ git checkout -qf 8edbc93843fbcd7f84e55517b5c6ec68e50e907e
travis_fold:end:git.checkout[0K
travis_time:end:04385280:start=1618435989658520413,finish=1618436002014952544,duration=12356432131,event=checkout[0Ktravis_time:start:06872564[0K
[33;1mSetting environment variables from repository settings[0m
$ export DOCKER_PASSWORD=[secure]
$ export PRECICE_BOT_EMAIL=[secure]
$ export GH_TOKEN=[secure]
$ export DOCKER_USERNAME=precice
$ export TRAVIS_ACCESS_TOKEN=[secure]

travis_time:end:06872564:start=1618436002020340678,finish=1618436002031206585,duration=10865907,event=env[0Ktravis_time:start:12402202[0K$ source ~/virtualenv/python3.8/bin/activate
travis_time:end:12402202:start=1618436002036765663,finish=1618436002044821925,duration=8056262,event=[0K$ python --version
Python 3.8.1
$ pip --version
pip 20.3.3 from /home/travis/virtualenv/python3.8.1/lib/python3.8/site-packages/pip (python 3.8)
travis_fold:start:install[0Ktravis_time:start:04eb5596[0K$ pip install Jinja2
Collecting Jinja2
  Downloading Jinja2-2.11.3-py2.py3-none-any.whl (125 kB)
Collecting MarkupSafe>=0.23
  Downloading MarkupSafe-1.1.1-cp38-cp38-manylinux2010_x86_64.whl (32 kB)
Installing collected packages: MarkupSafe, Jinja2
Successfully installed Jinja2-2.11.3 MarkupSafe-1.1.1
travis_time:end:04eb5596:start=1618436002480896288,finish=1618436003582932186,duration=1102035898,event=install[0Ktravis_fold:end:install[0Ktravis_time:start:00969420[0K$ export CALCULIX_TAG=develop; 
travis_time:end:00969420:start=1618436003588755342,finish=1618436003592398964,duration=3643622,event=script[0K[32;1mThe command "export CALCULIX_TAG=develop; " exited with 0.[0m
travis_time:start:022d3bc8[0K$ python system_testing.py -s su2-ccx --base Ubuntu1804.package -v
Total reclaimed space: 0B
networks:
  precicecomm: {}
services:
  calculix-adapter:
    command: '/bin/bash -c "ln -sf /home/precice/Data/Input Solid; ln -sf /home/precice/calculix-adapter/configs/*
      . && . runSolid && mkdir /home/precice/Data/Output/Solid && cp -r precice-output
      *.log /home/precice/Data/Output/Solid"

      '
    container_name: calculix-adapter
    depends_on:
    - tutorial-data
    image: precice/calculix-adapter-ubuntu1804.package-develop:develop
    networks:
      precicecomm: null
    volumes:
    - exchange:/home/precice/Data/Exchange:rw
    - output:/home/precice/Data/Output:rw
    - input_solid:/home/precice/Data/Input:rw
    - configs:/home/precice/calculix-adapter/configs:rw
  su2-adapter:
    command: "/bin/bash -c \"ln -sf /home/precice/Data/Input Fluid;\n  ln -sf /home/precice/su2-adapter/configs/*\
      \ . &&\n  . runFluid &&\n  mkdir /home/precice/Data/Output/Fluid &&\n  cp -r\
      \ precice-output *.log /home/precice/Data/Output/Fluid\"\n"
    container_name: su2-adapter
    depends_on:
    - tutorial-data
    image: precice/su2-adapter-ubuntu1804.package-develop:latest
    networks:
      precicecomm: null
    volumes:
    - exchange:/home/precice/Data/Exchange:rw
    - output:/home/precice/Data/Output:rw
    - input_fluid:/home/precice/Data/Input:rw
    - configs:/home/precice/su2-adapter/configs:rw
  tutorial-data:
    build:
      context: /home/travis/build/precice/systemtests/tests/TestCompose_su2-ccx
      dockerfile: Dockerfile.tutorial_data
    container_name: tutorial-data
    volumes:
    - input_solid:/tutorials/FSI/flap_perp/SU2-CalculiX/Solid:rw
    - input_fluid:/tutorials/FSI/flap_perp/SU2-CalculiX/Fluid:rw
    - configs:/configs:rw
    - output:/Output:rw
version: '3.0'
volumes:
  configs: {}
  exchange: {}
  input_fluid: {}
  input_solid: {}
  output: {}

Creating network "testcompose_su2-ccx_default" with the default driver
Creating network "testcompose_su2-ccx_precicecomm" with the default driver
Creating volume "testcompose_su2-ccx_exchange" with default driver
Creating volume "testcompose_su2-ccx_output" with default driver
Creating volume "testcompose_su2-ccx_configs" with default driver
Creating volume "testcompose_su2-ccx_input_solid" with default driver
Creating volume "testcompose_su2-ccx_input_fluid" with default driver
Building tutorial-data
Step 1/11 : from alpine
latest: Pulling from library/alpine
Digest: sha256:69e70a79f2d41ab5d637de98c1e0b055206ba40a8145e7bddb55ccc04e13cf8f
Status: Downloaded newer image for alpine:latest
 ---> 6dbb9cc54074
Step 2/11 : ENV tutorial_path tutorials/FSI/flap_perp/SU2-CalculiX
 ---> Running in 8f1b3a7b4e00
Removing intermediate container 8f1b3a7b4e00
 ---> 28eff4436f8b
Step 3/11 : RUN apk add git bash
 ---> Running in b82f89a2b43f
fetch https://dl-cdn.alpinelinux.org/alpine/v3.13/main/x86_64/APKINDEX.tar.gz
fetch https://dl-cdn.alpinelinux.org/alpine/v3.13/community/x86_64/APKINDEX.tar.gz
(1/11) Installing ncurses-terminfo-base (6.2_p20210109-r0)
(2/11) Installing ncurses-libs (6.2_p20210109-r0)
(3/11) Installing readline (8.1.0-r0)
(4/11) Installing bash (5.1.0-r0)
Executing bash-5.1.0-r0.post-install
(5/11) Installing ca-certificates (20191127-r5)
(6/11) Installing brotli-libs (1.0.9-r3)
(7/11) Installing nghttp2-libs (1.42.0-r1)
(8/11) Installing libcurl (7.76.1-r0)
(9/11) Installing expat (2.2.10-r1)
(10/11) Installing pcre2 (10.36-r0)
(11/11) Installing git (2.30.2-r0)
Executing busybox-1.32.1-r6.trigger
Executing ca-certificates-20191127-r5.trigger
OK: 21 MiB in 25 packages
Removing intermediate container b82f89a2b43f
 ---> df5418a17a87
Step 4/11 : ARG branch=develop
 ---> Running in bc5b0c6c10f2
Removing intermediate container bc5b0c6c10f2
 ---> cd722772cf4a
Step 5/11 : RUN git clone --depth 1 --branch $branch https://github.com/precice/tutorials
 ---> Running in f6f148d0a22d
[91mCloning into 'tutorials'...
[0mRemoving intermediate container f6f148d0a22d
 ---> e7ed0c23243f
Step 6/11 : RUN mkdir configs &&     sed -e 's|m2n:sockets from="SU2_CFD" to="Calculix" |m2n:sockets from="SU2_CFD" to="Calculix" exchange-directory="/home/precice/Data/Exchange/" network="eth0"|g;             s|max-time-windows value="400"|max-time-windows value="50"|g; s|max-iterations value="50"|max-iterations value="20"|g;             s|\(\s\+\)\(</participant>\)|\1   <export:vtk directory="precice-output" />\n\1\2|g'             $tutorial_path/precice-config.xml  > configs/precice-config.xml
 ---> Running in 437960963f39
[91msed: tutorials/FSI/flap_perp/SU2-CalculiX/precice-config.xml: No such file or directory
[0mService 'tutorial-data' failed to build: The command '/bin/sh -c mkdir configs &&     sed -e 's|m2n:sockets from="SU2_CFD" to="Calculix" |m2n:sockets from="SU2_CFD" to="Calculix" exchange-directory="/home/precice/Data/Exchange/" network="eth0"|g;             s|max-time-windows value="400"|max-time-windows value="50"|g; s|max-iterations value="50"|max-iterations value="20"|g;             s|\(\s\+\)\(</participant>\)|\1   <export:vtk directory="precice-output" />\n\1\2|g'             $tutorial_path/precice-config.xml  > configs/precice-config.xml' returned a non-zero code: 1
EXECUTING: docker container prune -f; export PRECICE_BASE=-ubuntu1804.package-develop; mkdir Logs; docker-compose config && bash ../../silent_compose.sh debug
TEST FAILED WITH: Command 'docker container prune -f; export PRECICE_BASE=-ubuntu1804.package-develop; mkdir Logs; docker-compose config && bash ../../silent_compose.sh debug' returned non-zero exit status 1.
Traceback (most recent call last):
  File "system_testing.py", line 117, in run_compose
    ccall(command)
  File "/home/travis/build/precice/systemtests/common.py", line 11, in ccall
    return call(cmd, check = True, **kwargs)
  File "/home/travis/build/precice/systemtests/common.py", line 6, in call
    cp = subprocess.run(cmd, shell=True, **kwargs)
  File "/opt/python/3.8.1/lib/python3.8/subprocess.py", line 512, in run
    raise CalledProcessError(retcode, process.args,
subprocess.CalledProcessError: Command 'docker container prune -f; export PRECICE_BASE=-ubuntu1804.package-develop; mkdir Logs; docker-compose config && bash ../../silent_compose.sh debug' returned non-zero exit status 1.

During handling of the above exception, another exception occurred:

Traceback (most recent call last):
  File "system_testing.py", line 305, in <module>
    build_run_compare(test, tag, args.branch.lower(), args.local,
  File "system_testing.py", line 227, in build_run_compare
    run_compose(test, branch, local_precice, tag, force_rebuild, rm_all, verbose)
  File "system_testing.py", line 141, in run_compose
    raise STRunException()
__main__.STRunException: TEST FAILED - An error occured while running the test!
travis_time:end:022d3bc8:start=1618436003598517928,finish=1618436010802429184,duration=7203911256,event=script[0K[31;1mThe command "python system_testing.py -s su2-ccx --base Ubuntu1804.package -v" exited with 1.[0m
travis_time:start:3828f898[0K$ python push.py
Cloning into 'precice_st_output'...
Updating files:  13% (5947/43988)Updating files:  14% (6159/43988)Updating files:  15% (6599/43988)Updating files:  16% (7039/43988)Updating files:  17% (7478/43988)Updating files:  18% (7918/43988)Updating files:  19% (8358/43988)Updating files:  20% (8798/43988)Updating files:  21% (9238/43988)Updating files:  22% (9678/43988)Updating files:  23% (10118/43988)Updating files:  24% (10558/43988)Updating files:  25% (10997/43988)Updating files:  26% (11437/43988)Updating files:  27% (11877/43988)Updating files:  28% (12317/43988)Updating files:  29% (12757/43988)Updating files:  30% (13197/43988)Updating files:  30% (13323/43988)Updating files:  31% (13637/43988)Updating files:  32% (14077/43988)Updating files:  33% (14517/43988)Updating files:  34% (14956/43988)Updating files:  35% (15396/43988)Updating files:  36% (15836/43988)Updating files:  37% (16276/43988)Updating files:  38% (16716/43988)Updating files:  39% (17156/43988)Updating files:  40% (17596/43988)Updating files:  41% (18036/43988)Updating files:  42% (18475/43988)Updating files:  42% (18832/43988)Updating files:  43% (18915/43988)Updating files:  44% (19355/43988)Updating files:  45% (19795/43988)Updating files:  46% (20235/43988)Updating files:  47% (20675/43988)Updating files:  48% (21115/43988)Updating files:  49% (21555/43988)Updating files:  50% (21994/43988)Updating files:  51% (22434/43988)Updating files:  52% (22874/43988)Updating files:  53% (23314/43988)Updating files:  54% (23754/43988)Updating files:  54% (23899/43988)Updating files:  55% (24194/43988)Updating files:  56% (24634/43988)Updating files:  57% (25074/43988)Updating files:  58% (25514/43988)Updating files:  59% (25953/43988)Updating files:  60% (26393/43988)Updating files:  61% (26833/43988)Updating files:  62% (27273/43988)Updating files:  63% (27713/43988)Updating files:  64% (28153/43988)Updating files:  65% (28593/43988)Updating files:  65% (28602/43988)Updating files:  66% (29033/43988)Updating files:  66% (29282/43988)Updating files:  67% (29472/43988)Updating files:  68% (29912/43988)Updating files:  68% (29986/43988)Updating files:  69% (30352/43988)Updating files:  70% (30792/43988)Updating files:  71% (31232/43988)Updating files:  72% (31672/43988)Updating files:  73% (32112/43988)Updating files:  74% (32552/43988)Updating files:  75% (32991/43988)Updating files:  76% (33431/43988)Updating files:  77% (33871/43988)Updating files:  77% (34105/43988)Updating files:  78% (34311/43988)Updating files:  78% (34390/43988)Updating files:  78% (34709/43988)Updating files:  79% (34751/43988)Updating files:  79% (34865/43988)Updating files:  79% (34964/43988)Updating files:  79% (35075/43988)Updating files:  79% (35142/43988)Updating files:  79% (35189/43988)Updating files:  80% (35191/43988)Updating files:  80% (35261/43988)Updating files:  80% (35329/43988)Updating files:  80% (35364/43988)Updating files:  80% (35439/43988)Updating files:  80% (35515/43988)Updating files:  80% (35556/43988)Updating files:  81% (35631/43988)Updating files:  81% (35660/43988)Updating files:  81% (35697/43988)Updating files:  81% (35780/43988)Updating files:  81% (35852/43988)Updating files:  81% (35853/43988)Updating files:  81% (35946/43988)Updating files:  81% (36039/43988)Updating files:  82% (36071/43988)Updating files:  82% (36117/43988)Updating files:  82% (36199/43988)Updating files:  82% (36254/43988)Updating files:  82% (36335/43988)Updating files:  82% (36412/43988)Updating files:  82% (36487/43988)Updating files:  83% (36511/43988)Updating files:  83% (36565/43988)Updating files:  83% (36641/43988)Updating files:  83% (36679/43988)Updating files:  83% (36810/43988)Updating files:  83% (36852/43988)Updating files:  83% (36941/43988)Updating files:  83% (36942/43988)Updating files:  84% (36950/43988)Updating files:  84% (37014/43988)Updating files:  84% (37098/43988)Updating files:  84% (37212/43988)Updating files:  84% (37300/43988)Updating files:  84% (37340/43988)Updating files:  85% (37390/43988)Updating files:  85% (37467/43988)Updating files:  85% (37553/43988)Updating files:  85% (37650/43988)Updating files:  85% (37730/43988)Updating files:  85% (37732/43988)Updating files:  85% (37826/43988)Updating files:  86% (37830/43988)Updating files:  86% (37952/43988)Updating files:  86% (38043/43988)Updating files:  87% (38270/43988)Updating files:  88% (38710/43988)Updating files:  89% (39150/43988)Updating files:  89% (39220/43988)Updating files:  89% (39242/43988)Updating files:  89% (39293/43988)Updating files:  89% (39456/43988)Updating files:  90% (39590/43988)Updating files:  90% (39692/43988)Updating files:  90% (39785/43988)Updating files:  90% (39876/43988)Updating files:  90% (39974/43988)Updating files:  91% (40030/43988)Updating files:  91% (40050/43988)Updating files:  91% (40137/43988)Updating files:  91% (40241/43988)Updating files:  91% (40335/43988)Updating files:  91% (40409/43988)Updating files:  92% (40469/43988)Updating files:  92% (40497/43988)Updating files:  92% (40583/43988)Updating files:  92% (40585/43988)Updating files:  92% (40668/43988)Updating files:  92% (40771/43988)Updating files:  93% (40909/43988)Updating files:  93% (41036/43988)Updating files:  93% (41175/43988)Updating files:  93% (41275/43988)Updating files:  94% (41349/43988)Updating files:  94% (41359/43988)Updating files:  94% (41459/43988)Updating files:  94% (41545/43988)Updating files:  94% (41572/43988)Updating files:  94% (41713/43988)Updating files:  95% (41789/43988)Updating files:  95% (41793/43988)Updating files:  95% (41839/43988)Updating files:  95% (41914/43988)Updating files:  95% (42002/43988)Updating files:  95% (42088/43988)Updating files:  95% (42191/43988)Updating files:  96% (42229/43988)Updating files:  96% (42274/43988)Updating files:  96% (42359/43988)Updating files:  96% (42443/43988)Updating files:  96% (42516/43988)Updating files:  96% (42597/43988)Updating files:  97% (42669/43988)Updating files:  97% (42689/43988)Updating files:  97% (42782/43988)Updating files:  97% (42915/43988)Updating files:  97% (43010/43988)Updating files:  97% (43097/43988)Updating files:  98% (43109/43988)Updating files:  98% (43199/43988)Updating files:  98% (43320/43988)Updating files:  98% (43342/43988)